<?xml version="1.0" encoding="ISO-8859-1" ?>
<link_info>
   <banner>TI ARM Linker PC v20.2.7.LTS</banner>
   <copyright>Copyright (c) 1996-2018 Texas Instruments Incorporated</copyright>
   <link_time>0x63d7fccd</link_time>
   <link_errors>0x0</link_errors>
   <output_file>ece230project05RobertsJ_0.out</output_file>
   <entry_point>
      <name>_c_int00_noargs</name>
      <address>0x10f5</address>
   </entry_point>
   <input_file_list>
      <input_file id="fl-2">
         <path>.\</path>
         <kind>object</kind>
         <file>csLFXT.obj</file>
         <name>csLFXT.obj</name>
      </input_file>
      <input_file id="fl-3">
         <path>.\</path>
         <kind>object</kind>
         <file>lcd.obj</file>
         <name>lcd.obj</name>
      </input_file>
      <input_file id="fl-4">
         <path>.\</path>
         <kind>object</kind>
         <file>main.obj</file>
         <name>main.obj</name>
      </input_file>
      <input_file id="fl-5">
         <path>.\</path>
         <kind>object</kind>
         <file>startup_msp432p4111_ccs.obj</file>
         <name>startup_msp432p4111_ccs.obj</name>
      </input_file>
      <input_file id="fl-6">
         <path>.\</path>
         <kind>object</kind>
         <file>sysTickDelays.obj</file>
         <name>sysTickDelays.obj</name>
      </input_file>
      <input_file id="fl-7">
         <path>.\</path>
         <kind>object</kind>
         <file>system_msp432p4111.obj</file>
         <name>system_msp432p4111.obj</name>
      </input_file>
      <input_file id="fl-b">
         <kind>object</kind>
         <file>&lt;internal&gt;</file>
         <name>&lt;internal&gt;</name>
      </input_file>
      <input_file id="fl-c1">
         <path>C:\ti\ccs1210\ccs\tools\compiler\ti-cgt-arm_20.2.7.LTS\lib\</path>
         <kind>archive</kind>
         <file>rtsv7M4_T_le_v4SPD16_eabi.lib</file>
         <name>ll_mul_t2.asm.obj</name>
      </input_file>
      <input_file id="fl-c2">
         <path>C:\ti\ccs1210\ccs\tools\compiler\ti-cgt-arm_20.2.7.LTS\lib\</path>
         <kind>archive</kind>
         <file>rtsv7M4_T_le_v4SPD16_eabi.lib</file>
         <name>ull_div_t2.asm.obj</name>
      </input_file>
      <input_file id="fl-c3">
         <path>C:\ti\ccs1210\ccs\tools\compiler\ti-cgt-arm_20.2.7.LTS\lib\</path>
         <kind>archive</kind>
         <file>rtsv7M4_T_le_v4SPD16_eabi.lib</file>
         <name>copy_zero_init.c.obj</name>
      </input_file>
      <input_file id="fl-c4">
         <path>C:\ti\ccs1210\ccs\tools\compiler\ti-cgt-arm_20.2.7.LTS\lib\</path>
         <kind>archive</kind>
         <file>rtsv7M4_T_le_v4SPD16_eabi.lib</file>
         <name>copy_decompress_none.c.obj</name>
      </input_file>
      <input_file id="fl-c5">
         <path>C:\ti\ccs1210\ccs\tools\compiler\ti-cgt-arm_20.2.7.LTS\lib\</path>
         <kind>archive</kind>
         <file>rtsv7M4_T_le_v4SPD16_eabi.lib</file>
         <name>copy_decompress_lzss.c.obj</name>
      </input_file>
      <input_file id="fl-c6">
         <path>C:\ti\ccs1210\ccs\tools\compiler\ti-cgt-arm_20.2.7.LTS\lib\</path>
         <kind>archive</kind>
         <file>rtsv7M4_T_le_v4SPD16_eabi.lib</file>
         <name>boot_cortex_m.c.obj</name>
      </input_file>
      <input_file id="fl-c7">
         <path>C:\ti\ccs1210\ccs\tools\compiler\ti-cgt-arm_20.2.7.LTS\lib\</path>
         <kind>archive</kind>
         <file>rtsv7M4_T_le_v4SPD16_eabi.lib</file>
         <name>div0.asm.obj</name>
      </input_file>
      <input_file id="fl-c8">
         <path>C:\ti\ccs1210\ccs\tools\compiler\ti-cgt-arm_20.2.7.LTS\lib\</path>
         <kind>archive</kind>
         <file>rtsv7M4_T_le_v4SPD16_eabi.lib</file>
         <name>memcpy_t2.asm.obj</name>
      </input_file>
      <input_file id="fl-c9">
         <path>C:\ti\ccs1210\ccs\tools\compiler\ti-cgt-arm_20.2.7.LTS\lib\</path>
         <kind>archive</kind>
         <file>rtsv7M4_T_le_v4SPD16_eabi.lib</file>
         <name>memset_t2.asm.obj</name>
      </input_file>
      <input_file id="fl-ca">
         <path>C:\ti\ccs1210\ccs\tools\compiler\ti-cgt-arm_20.2.7.LTS\lib\</path>
         <kind>archive</kind>
         <file>rtsv7M4_T_le_v4SPD16_eabi.lib</file>
         <name>autoinit.c.obj</name>
      </input_file>
      <input_file id="fl-cb">
         <path>C:\ti\ccs1210\ccs\tools\compiler\ti-cgt-arm_20.2.7.LTS\lib\</path>
         <kind>archive</kind>
         <file>rtsv7M4_T_le_v4SPD16_eabi.lib</file>
         <name>pre_init.c.obj</name>
      </input_file>
      <input_file id="fl-cc">
         <path>C:\ti\ccs1210\ccs\tools\compiler\ti-cgt-arm_20.2.7.LTS\lib\</path>
         <kind>archive</kind>
         <file>rtsv7M4_T_le_v4SPD16_eabi.lib</file>
         <name>cpy_tbl.c.obj</name>
      </input_file>
      <input_file id="fl-cd">
         <path>C:\ti\ccs1210\ccs\tools\compiler\ti-cgt-arm_20.2.7.LTS\lib\</path>
         <kind>archive</kind>
         <file>rtsv7M4_T_le_v4SPD16_eabi.lib</file>
         <name>exit.c.obj</name>
      </input_file>
      <input_file id="fl-ce">
         <path>C:\ti\ccs1210\ccs\tools\compiler\ti-cgt-arm_20.2.7.LTS\lib\</path>
         <kind>archive</kind>
         <file>rtsv7M4_T_le_v4SPD16_eabi.lib</file>
         <name>_lock.c.obj</name>
      </input_file>
      <input_file id="fl-cf">
         <path>C:\ti\ccs1210\ccs\tools\compiler\ti-cgt-arm_20.2.7.LTS\lib\</path>
         <kind>archive</kind>
         <file>rtsv7M4_T_le_v4SPD16_eabi.lib</file>
         <name>args_main.c.obj</name>
      </input_file>
   </input_file_list>
   <object_component_list>
      <object_component id="oc-26">
         <name>.intvecs:retain</name>
         <load_address>0x0</load_address>
         <run_address>0x0</run_address>
         <size>0xe8</size>
         <input_file_ref idref="fl-5"/>
      </object_component>
      <object_component id="oc-6d">
         <name>.text</name>
         <load_address>0xe8</load_address>
         <run_address>0xe8</run_address>
         <size>0x7f8</size>
         <input_file_ref idref="fl-4"/>
      </object_component>
      <object_component id="oc-a5">
         <name>.text</name>
         <load_address>0x8e0</load_address>
         <run_address>0x8e0</run_address>
         <size>0x350</size>
         <input_file_ref idref="fl-7"/>
      </object_component>
      <object_component id="oc-ac">
         <name>.text</name>
         <load_address>0xc30</load_address>
         <run_address>0xc30</run_address>
         <size>0x1b8</size>
         <input_file_ref idref="fl-3"/>
      </object_component>
      <object_component id="oc-150">
         <name>.text</name>
         <load_address>0xde8</load_address>
         <run_address>0xde8</run_address>
         <size>0xac</size>
         <input_file_ref idref="fl-6"/>
      </object_component>
      <object_component id="oc-37">
         <name>.text</name>
         <load_address>0xe94</load_address>
         <run_address>0xe94</run_address>
         <size>0x9c</size>
         <input_file_ref idref="fl-c8"/>
      </object_component>
      <object_component id="oc-1af">
         <name>.text</name>
         <load_address>0xf30</load_address>
         <run_address>0xf30</run_address>
         <size>0x96</size>
         <input_file_ref idref="fl-c2"/>
      </object_component>
      <object_component id="oc-1e1">
         <name>.text</name>
         <load_address>0xfc6</load_address>
         <run_address>0xfc6</run_address>
         <size>0x2</size>
         <input_file_ref idref="fl-c7"/>
      </object_component>
      <object_component id="oc-c5">
         <name>.text</name>
         <load_address>0xfc8</load_address>
         <run_address>0xfc8</run_address>
         <size>0x80</size>
         <input_file_ref idref="fl-2"/>
      </object_component>
      <object_component id="oc-17">
         <name>.text:decompress:lzss:__TI_decompress_lzss</name>
         <load_address>0x1048</load_address>
         <run_address>0x1048</run_address>
         <size>0x68</size>
         <input_file_ref idref="fl-c5"/>
      </object_component>
      <object_component id="oc-11a">
         <name>.text:__TI_auto_init_nobinit_nopinit:__TI_auto_init_nobinit_nopinit</name>
         <load_address>0x10b0</load_address>
         <run_address>0x10b0</run_address>
         <size>0x44</size>
         <input_file_ref idref="fl-ca"/>
      </object_component>
      <object_component id="oc-55">
         <name>.text:_c_int00_noargs:_c_int00_noargs</name>
         <load_address>0x10f4</load_address>
         <run_address>0x10f4</run_address>
         <size>0x34</size>
         <input_file_ref idref="fl-c6"/>
      </object_component>
      <object_component id="oc-43">
         <name>.text:decompress:ZI:__TI_zero_init_nomemset:__TI_zero_init_nomemset</name>
         <load_address>0x1128</load_address>
         <run_address>0x1128</run_address>
         <size>0x1c</size>
         <input_file_ref idref="fl-c3"/>
      </object_component>
      <object_component id="oc-1aa">
         <name>.text</name>
         <load_address>0x1144</load_address>
         <run_address>0x1144</run_address>
         <size>0x18</size>
         <input_file_ref idref="fl-c1"/>
      </object_component>
      <object_component id="oc-1d">
         <name>.text:decompress:none:__TI_decompress_none</name>
         <load_address>0x115c</load_address>
         <run_address>0x115c</run_address>
         <size>0xe</size>
         <input_file_ref idref="fl-c4"/>
      </object_component>
      <object_component id="oc-67">
         <name>.text</name>
         <load_address>0x116a</load_address>
         <run_address>0x116a</run_address>
         <size>0xe</size>
         <input_file_ref idref="fl-5"/>
      </object_component>
      <object_component id="oc-93">
         <name>.text:_system_pre_init</name>
         <load_address>0x1178</load_address>
         <run_address>0x1178</run_address>
         <size>0x4</size>
         <input_file_ref idref="fl-cb"/>
      </object_component>
      <object_component id="oc-10e">
         <name>.text:abort:abort</name>
         <load_address>0x117c</load_address>
         <run_address>0x117c</run_address>
         <size>0x4</size>
         <input_file_ref idref="fl-cd"/>
      </object_component>
      <object_component id="oc-e6">
         <name>.const:.string:prompt</name>
         <load_address>0x1180</load_address>
         <run_address>0x1180</run_address>
         <size>0xb3</size>
         <input_file_ref idref="fl-4"/>
      </object_component>
      <object_component id="oc-e0">
         <name>.const:.string:AccelY</name>
         <load_address>0x1233</load_address>
         <run_address>0x1233</run_address>
         <size>0xd</size>
         <input_file_ref idref="fl-4"/>
      </object_component>
      <object_component id="oc-e3">
         <name>.const:.string:AccelZ</name>
         <load_address>0x1240</load_address>
         <run_address>0x1240</run_address>
         <size>0xd</size>
         <input_file_ref idref="fl-4"/>
      </object_component>
      <object_component id="oc-ce">
         <name>.const:.string:accel</name>
         <load_address>0x124d</load_address>
         <run_address>0x124d</run_address>
         <size>0xd</size>
         <input_file_ref idref="fl-4"/>
      </object_component>
      <object_component id="oc-dd">
         <name>.const:.string:AccelX</name>
         <load_address>0x125a</load_address>
         <run_address>0x125a</run_address>
         <size>0xb</size>
         <input_file_ref idref="fl-4"/>
      </object_component>
      <object_component id="oc-cb">
         <name>.const:.string:$P$T0$1</name>
         <load_address>0x1265</load_address>
         <run_address>0x1265</run_address>
         <size>0x6</size>
         <input_file_ref idref="fl-4"/>
      </object_component>
      <object_component id="oc-bf">
         <name>.const:.string:mode16</name>
         <load_address>0x126b</load_address>
         <run_address>0x126b</run_address>
         <size>0x4</size>
         <input_file_ref idref="fl-4"/>
      </object_component>
      <object_component id="oc-b9">
         <name>.const:.string:mode2</name>
         <load_address>0x126f</load_address>
         <run_address>0x126f</run_address>
         <size>0x4</size>
         <input_file_ref idref="fl-4"/>
      </object_component>
      <object_component id="oc-bc">
         <name>.const:.string:mode4</name>
         <load_address>0x1273</load_address>
         <run_address>0x1273</run_address>
         <size>0x4</size>
         <input_file_ref idref="fl-4"/>
      </object_component>
      <object_component id="oc-c2">
         <name>.const:.string:mode8</name>
         <load_address>0x1277</load_address>
         <run_address>0x1277</run_address>
         <size>0x4</size>
         <input_file_ref idref="fl-4"/>
      </object_component>
      <object_component id="oc-d1">
         <name>.const:.string:modeX</name>
         <load_address>0x127b</load_address>
         <run_address>0x127b</run_address>
         <size>0x2</size>
         <input_file_ref idref="fl-4"/>
      </object_component>
      <object_component id="oc-d5">
         <name>.const:.string:modeY</name>
         <load_address>0x127d</load_address>
         <run_address>0x127d</run_address>
         <size>0x2</size>
         <input_file_ref idref="fl-4"/>
      </object_component>
      <object_component id="oc-d9">
         <name>.const:.string:modeZ</name>
         <load_address>0x127f</load_address>
         <run_address>0x127f</run_address>
         <size>0x2</size>
         <input_file_ref idref="fl-4"/>
      </object_component>
      <object_component id="oc-22a">
         <name>.cinit..data.load</name>
         <load_address>0x1288</load_address>
         <run_address>0x1288</run_address>
         <size>0x10</size>
      </object_component>
      <object_component id="oc-228">
         <name>__TI_handler_table</name>
         <load_address>0x1298</load_address>
         <run_address>0x1298</run_address>
         <size>0xc</size>
      </object_component>
      <object_component id="oc-22b">
         <name>.cinit..bss.load</name>
         <load_address>0x12a8</load_address>
         <run_address>0x12a8</run_address>
         <size>0x8</size>
      </object_component>
      <object_component id="oc-229">
         <name>__TI_cinit_table</name>
         <load_address>0x12b0</load_address>
         <run_address>0x12b0</run_address>
         <size>0x10</size>
      </object_component>
      <object_component id="oc-1fc">
         <name>.binit</name>
         <load_address>0x0</load_address>
         <run_address>0x0</run_address>
         <size>0x0</size>
      </object_component>
      <object_component id="oc-e9">
         <name>.data:RXData</name>
         <load_address>0x20000008</load_address>
         <run_address>0x20000008</run_address>
         <size>0x6</size>
         <input_file_ref idref="fl-4"/>
      </object_component>
      <object_component id="oc-b6">
         <name>.data</name>
         <load_address>0x2000000e</load_address>
         <run_address>0x2000000e</run_address>
         <size>0x6</size>
         <input_file_ref idref="fl-4"/>
      </object_component>
      <object_component id="oc-1b4">
         <name>.data</name>
         <load_address>0x20000000</load_address>
         <run_address>0x20000000</run_address>
         <size>0x8</size>
         <input_file_ref idref="fl-6"/>
      </object_component>
      <object_component id="oc-14c">
         <name>.data</name>
         <load_address>0x20000014</load_address>
         <run_address>0x20000014</run_address>
         <size>0x4</size>
         <input_file_ref idref="fl-7"/>
      </object_component>
      <object_component id="oc-b2">
         <name>.common:RXDataPointer</name>
         <uninitialized>true</uninitialized>
         <run_address>0x2000001e</run_address>
         <size>0x1</size>
      </object_component>
      <object_component id="oc-b5">
         <name>.common:TXDataPointer</name>
         <uninitialized>true</uninitialized>
         <run_address>0x2000001f</run_address>
         <size>0x1</size>
      </object_component>
      <object_component id="oc-d4">
         <name>.common:accel_x</name>
         <uninitialized>true</uninitialized>
         <run_address>0x20000018</run_address>
         <size>0x2</size>
      </object_component>
      <object_component id="oc-d8">
         <name>.common:accel_y</name>
         <uninitialized>true</uninitialized>
         <run_address>0x2000001a</run_address>
         <size>0x2</size>
      </object_component>
      <object_component id="oc-dc">
         <name>.common:accel_z</name>
         <uninitialized>true</uninitialized>
         <run_address>0x2000001c</run_address>
         <size>0x2</size>
      </object_component>
      <object_component id="oc-29">
         <name>.stack</name>
         <uninitialized>true</uninitialized>
         <run_address>0x2003fe00</run_address>
         <size>0x4</size>
         <input_file_ref idref="fl-c6"/>
      </object_component>
      <object_component id="oc-22d">
         <name>.stack</name>
         <uninitialized>true</uninitialized>
         <run_address>0x2003fe00</run_address>
         <size>0x0</size>
      </object_component>
      <object_component id="oc-187">
         <name>.debug_info</name>
         <load_address>0x0</load_address>
         <run_address>0x0</run_address>
         <size>0x570</size>
         <input_file_ref idref="fl-2"/>
      </object_component>
      <object_component id="oc-c9">
         <name>.debug_info</name>
         <load_address>0x570</load_address>
         <run_address>0x570</run_address>
         <size>0x113</size>
         <input_file_ref idref="fl-2"/>
      </object_component>
      <object_component id="oc-1ba">
         <name>.debug_info</name>
         <load_address>0x683</load_address>
         <run_address>0x683</run_address>
         <size>0x3c27</size>
         <input_file_ref idref="fl-2"/>
      </object_component>
      <object_component id="oc-f9">
         <name>.debug_info</name>
         <load_address>0x42aa</load_address>
         <run_address>0x42aa</run_address>
         <size>0x26b</size>
         <input_file_ref idref="fl-2"/>
      </object_component>
      <object_component id="oc-15e">
         <name>.debug_info</name>
         <load_address>0x4515</load_address>
         <run_address>0x4515</run_address>
         <size>0x1055</size>
         <input_file_ref idref="fl-2"/>
      </object_component>
      <object_component id="oc-32">
         <name>.debug_info</name>
         <load_address>0x556a</load_address>
         <run_address>0x556a</run_address>
         <size>0x84</size>
         <input_file_ref idref="fl-2"/>
      </object_component>
      <object_component id="oc-182">
         <name>.debug_info</name>
         <load_address>0x55ee</load_address>
         <run_address>0x55ee</run_address>
         <size>0x2a4</size>
         <input_file_ref idref="fl-2"/>
      </object_component>
      <object_component id="oc-f2">
         <name>.debug_info</name>
         <load_address>0x5892</load_address>
         <run_address>0x5892</run_address>
         <size>0xbb</size>
         <input_file_ref idref="fl-2"/>
      </object_component>
      <object_component id="oc-ad">
         <name>.debug_info</name>
         <load_address>0x594d</load_address>
         <run_address>0x594d</run_address>
         <size>0x71e</size>
         <input_file_ref idref="fl-3"/>
      </object_component>
      <object_component id="oc-b3">
         <name>.debug_info</name>
         <load_address>0x606b</load_address>
         <run_address>0x606b</run_address>
         <size>0x755</size>
         <input_file_ref idref="fl-4"/>
      </object_component>
      <object_component id="oc-ea">
         <name>.debug_info</name>
         <load_address>0x67c0</load_address>
         <run_address>0x67c0</run_address>
         <size>0xdb</size>
         <input_file_ref idref="fl-4"/>
      </object_component>
      <object_component id="oc-cf">
         <name>.debug_info</name>
         <load_address>0x689b</load_address>
         <run_address>0x689b</run_address>
         <size>0xd9</size>
         <input_file_ref idref="fl-4"/>
      </object_component>
      <object_component id="oc-ba">
         <name>.debug_info</name>
         <load_address>0x6974</load_address>
         <run_address>0x6974</run_address>
         <size>0xd9</size>
         <input_file_ref idref="fl-4"/>
      </object_component>
      <object_component id="oc-bd">
         <name>.debug_info</name>
         <load_address>0x6a4d</load_address>
         <run_address>0x6a4d</run_address>
         <size>0xd9</size>
         <input_file_ref idref="fl-4"/>
      </object_component>
      <object_component id="oc-c3">
         <name>.debug_info</name>
         <load_address>0x6b26</load_address>
         <run_address>0x6b26</run_address>
         <size>0xd9</size>
         <input_file_ref idref="fl-4"/>
      </object_component>
      <object_component id="oc-c0">
         <name>.debug_info</name>
         <load_address>0x6bff</load_address>
         <run_address>0x6bff</run_address>
         <size>0xdb</size>
         <input_file_ref idref="fl-4"/>
      </object_component>
      <object_component id="oc-d2">
         <name>.debug_info</name>
         <load_address>0x6cda</load_address>
         <run_address>0x6cda</run_address>
         <size>0xd9</size>
         <input_file_ref idref="fl-4"/>
      </object_component>
      <object_component id="oc-d6">
         <name>.debug_info</name>
         <load_address>0x6db3</load_address>
         <run_address>0x6db3</run_address>
         <size>0xd9</size>
         <input_file_ref idref="fl-4"/>
      </object_component>
      <object_component id="oc-da">
         <name>.debug_info</name>
         <load_address>0x6e8c</load_address>
         <run_address>0x6e8c</run_address>
         <size>0xd9</size>
         <input_file_ref idref="fl-4"/>
      </object_component>
      <object_component id="oc-b7">
         <name>.debug_info</name>
         <load_address>0x6f65</load_address>
         <run_address>0x6f65</run_address>
         <size>0x196</size>
         <input_file_ref idref="fl-4"/>
      </object_component>
      <object_component id="oc-e7">
         <name>.debug_info</name>
         <load_address>0x70fb</load_address>
         <run_address>0x70fb</run_address>
         <size>0xdb</size>
         <input_file_ref idref="fl-4"/>
      </object_component>
      <object_component id="oc-de">
         <name>.debug_info</name>
         <load_address>0x71d6</load_address>
         <run_address>0x71d6</run_address>
         <size>0xdb</size>
         <input_file_ref idref="fl-4"/>
      </object_component>
      <object_component id="oc-e1">
         <name>.debug_info</name>
         <load_address>0x72b1</load_address>
         <run_address>0x72b1</run_address>
         <size>0xdb</size>
         <input_file_ref idref="fl-4"/>
      </object_component>
      <object_component id="oc-e4">
         <name>.debug_info</name>
         <load_address>0x738c</load_address>
         <run_address>0x738c</run_address>
         <size>0xdb</size>
         <input_file_ref idref="fl-4"/>
      </object_component>
      <object_component id="oc-cc">
         <name>.debug_info</name>
         <load_address>0x7467</load_address>
         <run_address>0x7467</run_address>
         <size>0xdc</size>
         <input_file_ref idref="fl-4"/>
      </object_component>
      <object_component id="oc-6e">
         <name>.debug_info</name>
         <load_address>0x7543</load_address>
         <run_address>0x7543</run_address>
         <size>0x976</size>
         <input_file_ref idref="fl-4"/>
      </object_component>
      <object_component id="oc-159">
         <name>.debug_info</name>
         <load_address>0x7eb9</load_address>
         <run_address>0x7eb9</run_address>
         <size>0x3c27</size>
         <input_file_ref idref="fl-4"/>
      </object_component>
      <object_component id="oc-ed">
         <name>.debug_info</name>
         <load_address>0xbae0</load_address>
         <run_address>0xbae0</run_address>
         <size>0x8b</size>
         <input_file_ref idref="fl-4"/>
      </object_component>
      <object_component id="oc-75">
         <name>.debug_info</name>
         <load_address>0xbb6b</load_address>
         <run_address>0xbb6b</run_address>
         <size>0x2d6</size>
         <input_file_ref idref="fl-5"/>
      </object_component>
      <object_component id="oc-27">
         <name>.debug_info</name>
         <load_address>0xbe41</load_address>
         <run_address>0xbe41</run_address>
         <size>0x102</size>
         <input_file_ref idref="fl-5"/>
      </object_component>
      <object_component id="oc-6b">
         <name>.debug_info</name>
         <load_address>0xbf43</load_address>
         <run_address>0xbf43</run_address>
         <size>0x1c9</size>
         <input_file_ref idref="fl-5"/>
      </object_component>
      <object_component id="oc-1b5">
         <name>.debug_info</name>
         <load_address>0xc10c</load_address>
         <run_address>0xc10c</run_address>
         <size>0xec</size>
         <input_file_ref idref="fl-6"/>
      </object_component>
      <object_component id="oc-151">
         <name>.debug_info</name>
         <load_address>0xc1f8</load_address>
         <run_address>0xc1f8</run_address>
         <size>0x2c4</size>
         <input_file_ref idref="fl-6"/>
      </object_component>
      <object_component id="oc-14d">
         <name>.debug_info</name>
         <load_address>0xc4bc</load_address>
         <run_address>0xc4bc</run_address>
         <size>0xfb</size>
         <input_file_ref idref="fl-7"/>
      </object_component>
      <object_component id="oc-a6">
         <name>.debug_info</name>
         <load_address>0xc5b7</load_address>
         <run_address>0xc5b7</run_address>
         <size>0x26d</size>
         <input_file_ref idref="fl-7"/>
      </object_component>
      <object_component id="oc-1ad">
         <name>.debug_info</name>
         <load_address>0xc824</load_address>
         <run_address>0xc824</run_address>
         <size>0x122</size>
         <input_file_ref idref="fl-c1"/>
      </object_component>
      <object_component id="oc-1b1">
         <name>.debug_info</name>
         <load_address>0xc946</load_address>
         <run_address>0xc946</run_address>
         <size>0x134</size>
         <input_file_ref idref="fl-c2"/>
      </object_component>
      <object_component id="oc-8c">
         <name>.debug_info</name>
         <load_address>0xca7a</load_address>
         <run_address>0xca7a</run_address>
         <size>0x2d4</size>
         <input_file_ref idref="fl-c3"/>
      </object_component>
      <object_component id="oc-44">
         <name>.debug_info</name>
         <load_address>0xcd4e</load_address>
         <run_address>0xcd4e</run_address>
         <size>0x1d2</size>
         <input_file_ref idref="fl-c3"/>
      </object_component>
      <object_component id="oc-87">
         <name>.debug_info</name>
         <load_address>0xcf20</load_address>
         <run_address>0xcf20</run_address>
         <size>0x46</size>
         <input_file_ref idref="fl-c3"/>
      </object_component>
      <object_component id="oc-105">
         <name>.debug_info</name>
         <load_address>0xcf66</load_address>
         <run_address>0xcf66</run_address>
         <size>0x2c</size>
         <input_file_ref idref="fl-c3"/>
      </object_component>
      <object_component id="oc-42">
         <name>.debug_info</name>
         <load_address>0xcf92</load_address>
         <run_address>0xcf92</run_address>
         <size>0x2a8</size>
         <input_file_ref idref="fl-c4"/>
      </object_component>
      <object_component id="oc-1f">
         <name>.debug_info</name>
         <load_address>0xd23a</load_address>
         <run_address>0xd23a</run_address>
         <size>0x1ea</size>
         <input_file_ref idref="fl-c4"/>
      </object_component>
      <object_component id="oc-3d">
         <name>.debug_info</name>
         <load_address>0xd424</load_address>
         <run_address>0xd424</run_address>
         <size>0x46</size>
         <input_file_ref idref="fl-c4"/>
      </object_component>
      <object_component id="oc-7f">
         <name>.debug_info</name>
         <load_address>0xd46a</load_address>
         <run_address>0xd46a</run_address>
         <size>0x2c</size>
         <input_file_ref idref="fl-c4"/>
      </object_component>
      <object_component id="oc-7d">
         <name>.debug_info</name>
         <load_address>0xd496</load_address>
         <run_address>0xd496</run_address>
         <size>0x29e</size>
         <input_file_ref idref="fl-c5"/>
      </object_component>
      <object_component id="oc-18">
         <name>.debug_info</name>
         <load_address>0xd734</load_address>
         <run_address>0xd734</run_address>
         <size>0x250</size>
         <input_file_ref idref="fl-c5"/>
      </object_component>
      <object_component id="oc-2d">
         <name>.debug_info</name>
         <load_address>0xd984</load_address>
         <run_address>0xd984</run_address>
         <size>0x60</size>
         <input_file_ref idref="fl-c5"/>
      </object_component>
      <object_component id="oc-fe">
         <name>.debug_info</name>
         <load_address>0xd9e4</load_address>
         <run_address>0xd9e4</run_address>
         <size>0x46</size>
         <input_file_ref idref="fl-c5"/>
      </object_component>
      <object_component id="oc-78">
         <name>.debug_info</name>
         <load_address>0xda2a</load_address>
         <run_address>0xda2a</run_address>
         <size>0x39</size>
         <input_file_ref idref="fl-c5"/>
      </object_component>
      <object_component id="oc-2a">
         <name>.debug_info</name>
         <load_address>0xda63</load_address>
         <run_address>0xda63</run_address>
         <size>0x10b</size>
         <input_file_ref idref="fl-c6"/>
      </object_component>
      <object_component id="oc-59">
         <name>.debug_info</name>
         <load_address>0xdb6e</load_address>
         <run_address>0xdb6e</run_address>
         <size>0x1a9</size>
         <input_file_ref idref="fl-c6"/>
      </object_component>
      <object_component id="oc-1e3">
         <name>.debug_info</name>
         <load_address>0xdd17</load_address>
         <run_address>0xdd17</run_address>
         <size>0x115</size>
         <input_file_ref idref="fl-c7"/>
      </object_component>
      <object_component id="oc-38">
         <name>.debug_info</name>
         <load_address>0xde2c</load_address>
         <run_address>0xde2c</run_address>
         <size>0x119</size>
         <input_file_ref idref="fl-c8"/>
      </object_component>
      <object_component id="oc-193">
         <name>.debug_info</name>
         <load_address>0xdf45</load_address>
         <run_address>0xdf45</run_address>
         <size>0x4b3</size>
         <input_file_ref idref="fl-ca"/>
      </object_component>
      <object_component id="oc-11b">
         <name>.debug_info</name>
         <load_address>0xe3f8</load_address>
         <run_address>0xe3f8</run_address>
         <size>0x1a6</size>
         <input_file_ref idref="fl-ca"/>
      </object_component>
      <object_component id="oc-1cf">
         <name>.debug_info</name>
         <load_address>0xe59e</load_address>
         <run_address>0xe59e</run_address>
         <size>0x39</size>
         <input_file_ref idref="fl-ca"/>
      </object_component>
      <object_component id="oc-1ec">
         <name>.debug_info</name>
         <load_address>0xe5d7</load_address>
         <run_address>0xe5d7</run_address>
         <size>0x39</size>
         <input_file_ref idref="fl-ca"/>
      </object_component>
      <object_component id="oc-1d4">
         <name>.debug_info</name>
         <load_address>0xe610</load_address>
         <run_address>0xe610</run_address>
         <size>0x39</size>
         <input_file_ref idref="fl-ca"/>
      </object_component>
      <object_component id="oc-1d9">
         <name>.debug_info</name>
         <load_address>0xe649</load_address>
         <run_address>0xe649</run_address>
         <size>0xcd</size>
         <input_file_ref idref="fl-ca"/>
      </object_component>
      <object_component id="oc-96">
         <name>.debug_info</name>
         <load_address>0xe716</load_address>
         <run_address>0xe716</run_address>
         <size>0x153</size>
         <input_file_ref idref="fl-cb"/>
      </object_component>
      <object_component id="oc-112">
         <name>.debug_info</name>
         <load_address>0xe869</load_address>
         <run_address>0xe869</run_address>
         <size>0x122</size>
         <input_file_ref idref="fl-cd"/>
      </object_component>
      <object_component id="oc-22e">
         <name>.debug_info</name>
         <load_address>0xe98b</load_address>
         <run_address>0xe98b</run_address>
         <size>0xae</size>
      </object_component>
      <object_component id="oc-1b9">
         <name>.debug_line</name>
         <load_address>0x0</load_address>
         <run_address>0x0</run_address>
         <size>0x20</size>
         <input_file_ref idref="fl-2"/>
      </object_component>
      <object_component id="oc-c7">
         <name>.debug_line</name>
         <load_address>0x20</load_address>
         <run_address>0x20</run_address>
         <size>0x52</size>
         <input_file_ref idref="fl-2"/>
      </object_component>
      <object_component id="oc-1bd">
         <name>.debug_line</name>
         <load_address>0x72</load_address>
         <run_address>0x72</run_address>
         <size>0x58</size>
         <input_file_ref idref="fl-2"/>
      </object_component>
      <object_component id="oc-fc">
         <name>.debug_line</name>
         <load_address>0xca</load_address>
         <run_address>0xca</run_address>
         <size>0x6f</size>
         <input_file_ref idref="fl-2"/>
      </object_component>
      <object_component id="oc-161">
         <name>.debug_line</name>
         <load_address>0x139</load_address>
         <run_address>0x139</run_address>
         <size>0x5b</size>
         <input_file_ref idref="fl-2"/>
      </object_component>
      <object_component id="oc-35">
         <name>.debug_line</name>
         <load_address>0x194</load_address>
         <run_address>0x194</run_address>
         <size>0x20</size>
         <input_file_ref idref="fl-2"/>
      </object_component>
      <object_component id="oc-185">
         <name>.debug_line</name>
         <load_address>0x1b4</load_address>
         <run_address>0x1b4</run_address>
         <size>0x73</size>
         <input_file_ref idref="fl-2"/>
      </object_component>
      <object_component id="oc-f5">
         <name>.debug_line</name>
         <load_address>0x227</load_address>
         <run_address>0x227</run_address>
         <size>0x70</size>
         <input_file_ref idref="fl-2"/>
      </object_component>
      <object_component id="oc-b0">
         <name>.debug_line</name>
         <load_address>0x297</load_address>
         <run_address>0x297</run_address>
         <size>0x142</size>
         <input_file_ref idref="fl-3"/>
      </object_component>
      <object_component id="oc-158">
         <name>.debug_line</name>
         <load_address>0x3d9</load_address>
         <run_address>0x3d9</run_address>
         <size>0x48</size>
         <input_file_ref idref="fl-4"/>
      </object_component>
      <object_component id="oc-181">
         <name>.debug_line</name>
         <load_address>0x421</load_address>
         <run_address>0x421</run_address>
         <size>0x2d</size>
         <input_file_ref idref="fl-4"/>
      </object_component>
      <object_component id="oc-171">
         <name>.debug_line</name>
         <load_address>0x44e</load_address>
         <run_address>0x44e</run_address>
         <size>0x2d</size>
         <input_file_ref idref="fl-4"/>
      </object_component>
      <object_component id="oc-166">
         <name>.debug_line</name>
         <load_address>0x47b</load_address>
         <run_address>0x47b</run_address>
         <size>0x2d</size>
         <input_file_ref idref="fl-4"/>
      </object_component>
      <object_component id="oc-168">
         <name>.debug_line</name>
         <load_address>0x4a8</load_address>
         <run_address>0x4a8</run_address>
         <size>0x2d</size>
         <input_file_ref idref="fl-4"/>
      </object_component>
      <object_component id="oc-16c">
         <name>.debug_line</name>
         <load_address>0x4d5</load_address>
         <run_address>0x4d5</run_address>
         <size>0x2d</size>
         <input_file_ref idref="fl-4"/>
      </object_component>
      <object_component id="oc-16a">
         <name>.debug_line</name>
         <load_address>0x502</load_address>
         <run_address>0x502</run_address>
         <size>0x2d</size>
         <input_file_ref idref="fl-4"/>
      </object_component>
      <object_component id="oc-173">
         <name>.debug_line</name>
         <load_address>0x52f</load_address>
         <run_address>0x52f</run_address>
         <size>0x2d</size>
         <input_file_ref idref="fl-4"/>
      </object_component>
      <object_component id="oc-175">
         <name>.debug_line</name>
         <load_address>0x55c</load_address>
         <run_address>0x55c</run_address>
         <size>0x2d</size>
         <input_file_ref idref="fl-4"/>
      </object_component>
      <object_component id="oc-177">
         <name>.debug_line</name>
         <load_address>0x589</load_address>
         <run_address>0x589</run_address>
         <size>0x2d</size>
         <input_file_ref idref="fl-4"/>
      </object_component>
      <object_component id="oc-164">
         <name>.debug_line</name>
         <load_address>0x5b6</load_address>
         <run_address>0x5b6</run_address>
         <size>0x2d</size>
         <input_file_ref idref="fl-4"/>
      </object_component>
      <object_component id="oc-17f">
         <name>.debug_line</name>
         <load_address>0x5e3</load_address>
         <run_address>0x5e3</run_address>
         <size>0x2d</size>
         <input_file_ref idref="fl-4"/>
      </object_component>
      <object_component id="oc-179">
         <name>.debug_line</name>
         <load_address>0x610</load_address>
         <run_address>0x610</run_address>
         <size>0x2d</size>
         <input_file_ref idref="fl-4"/>
      </object_component>
      <object_component id="oc-17b">
         <name>.debug_line</name>
         <load_address>0x63d</load_address>
         <run_address>0x63d</run_address>
         <size>0x2d</size>
         <input_file_ref idref="fl-4"/>
      </object_component>
      <object_component id="oc-17d">
         <name>.debug_line</name>
         <load_address>0x66a</load_address>
         <run_address>0x66a</run_address>
         <size>0x2d</size>
         <input_file_ref idref="fl-4"/>
      </object_component>
      <object_component id="oc-16f">
         <name>.debug_line</name>
         <load_address>0x697</load_address>
         <run_address>0x697</run_address>
         <size>0x2d</size>
         <input_file_ref idref="fl-4"/>
      </object_component>
      <object_component id="oc-72">
         <name>.debug_line</name>
         <load_address>0x6c4</load_address>
         <run_address>0x6c4</run_address>
         <size>0x361</size>
         <input_file_ref idref="fl-4"/>
      </object_component>
      <object_component id="oc-15c">
         <name>.debug_line</name>
         <load_address>0xa25</load_address>
         <run_address>0xa25</run_address>
         <size>0x58</size>
         <input_file_ref idref="fl-4"/>
      </object_component>
      <object_component id="oc-f0">
         <name>.debug_line</name>
         <load_address>0xa7d</load_address>
         <run_address>0xa7d</run_address>
         <size>0x20</size>
         <input_file_ref idref="fl-4"/>
      </object_component>
      <object_component id="oc-f8">
         <name>.debug_line</name>
         <load_address>0xa9d</load_address>
         <run_address>0xa9d</run_address>
         <size>0x40</size>
         <input_file_ref idref="fl-5"/>
      </object_component>
      <object_component id="oc-74">
         <name>.debug_line</name>
         <load_address>0xadd</load_address>
         <run_address>0xadd</run_address>
         <size>0x40</size>
         <input_file_ref idref="fl-5"/>
      </object_component>
      <object_component id="oc-6a">
         <name>.debug_line</name>
         <load_address>0xb1d</load_address>
         <run_address>0xb1d</run_address>
         <size>0x71</size>
         <input_file_ref idref="fl-5"/>
      </object_component>
      <object_component id="oc-1e8">
         <name>.debug_line</name>
         <load_address>0xb8e</load_address>
         <run_address>0xb8e</run_address>
         <size>0x36</size>
         <input_file_ref idref="fl-6"/>
      </object_component>
      <object_component id="oc-155">
         <name>.debug_line</name>
         <load_address>0xbc4</load_address>
         <run_address>0xbc4</run_address>
         <size>0x9a</size>
         <input_file_ref idref="fl-6"/>
      </object_component>
      <object_component id="oc-1a9">
         <name>.debug_line</name>
         <load_address>0xc5e</load_address>
         <run_address>0xc5e</run_address>
         <size>0x3b</size>
         <input_file_ref idref="fl-7"/>
      </object_component>
      <object_component id="oc-a9">
         <name>.debug_line</name>
         <load_address>0xc99</load_address>
         <run_address>0xc99</run_address>
         <size>0x140</size>
         <input_file_ref idref="fl-7"/>
      </object_component>
      <object_component id="oc-1ab">
         <name>.debug_line</name>
         <load_address>0xdd9</load_address>
         <run_address>0xdd9</run_address>
         <size>0x43</size>
         <input_file_ref idref="fl-c1"/>
      </object_component>
      <object_component id="oc-1b0">
         <name>.debug_line</name>
         <load_address>0xe1c</load_address>
         <run_address>0xe1c</run_address>
         <size>0x81</size>
         <input_file_ref idref="fl-c2"/>
      </object_component>
      <object_component id="oc-10b">
         <name>.debug_line</name>
         <load_address>0xe9d</load_address>
         <run_address>0xe9d</run_address>
         <size>0x92</size>
         <input_file_ref idref="fl-c3"/>
      </object_component>
      <object_component id="oc-47">
         <name>.debug_line</name>
         <load_address>0xf2f</load_address>
         <run_address>0xf2f</run_address>
         <size>0x4c</size>
         <input_file_ref idref="fl-c3"/>
      </object_component>
      <object_component id="oc-8a">
         <name>.debug_line</name>
         <load_address>0xf7b</load_address>
         <run_address>0xf7b</run_address>
         <size>0x34</size>
         <input_file_ref idref="fl-c3"/>
      </object_component>
      <object_component id="oc-108">
         <name>.debug_line</name>
         <load_address>0xfaf</load_address>
         <run_address>0xfaf</run_address>
         <size>0x92</size>
         <input_file_ref idref="fl-c3"/>
      </object_component>
      <object_component id="oc-85">
         <name>.debug_line</name>
         <load_address>0x1041</load_address>
         <run_address>0x1041</run_address>
         <size>0x20</size>
         <input_file_ref idref="fl-c4"/>
      </object_component>
      <object_component id="oc-21">
         <name>.debug_line</name>
         <load_address>0x1061</load_address>
         <run_address>0x1061</run_address>
         <size>0x55</size>
         <input_file_ref idref="fl-c4"/>
      </object_component>
      <object_component id="oc-40">
         <name>.debug_line</name>
         <load_address>0x10b6</load_address>
         <run_address>0x10b6</run_address>
         <size>0x3a</size>
         <input_file_ref idref="fl-c4"/>
      </object_component>
      <object_component id="oc-82">
         <name>.debug_line</name>
         <load_address>0x10f0</load_address>
         <run_address>0x10f0</run_address>
         <size>0x92</size>
         <input_file_ref idref="fl-c4"/>
      </object_component>
      <object_component id="oc-104">
         <name>.debug_line</name>
         <load_address>0x1182</load_address>
         <run_address>0x1182</run_address>
         <size>0x20</size>
         <input_file_ref idref="fl-c5"/>
      </object_component>
      <object_component id="oc-1b">
         <name>.debug_line</name>
         <load_address>0x11a2</load_address>
         <run_address>0x11a2</run_address>
         <size>0xa9</size>
         <input_file_ref idref="fl-c5"/>
      </object_component>
      <object_component id="oc-30">
         <name>.debug_line</name>
         <load_address>0x124b</load_address>
         <run_address>0x124b</run_address>
         <size>0x3a</size>
         <input_file_ref idref="fl-c5"/>
      </object_component>
      <object_component id="oc-101">
         <name>.debug_line</name>
         <load_address>0x1285</load_address>
         <run_address>0x1285</run_address>
         <size>0x9a</size>
         <input_file_ref idref="fl-c5"/>
      </object_component>
      <object_component id="oc-7b">
         <name>.debug_line</name>
         <load_address>0x131f</load_address>
         <run_address>0x131f</run_address>
         <size>0x96</size>
         <input_file_ref idref="fl-c5"/>
      </object_component>
      <object_component id="oc-77">
         <name>.debug_line</name>
         <load_address>0x13b5</load_address>
         <run_address>0x13b5</run_address>
         <size>0x33</size>
         <input_file_ref idref="fl-c6"/>
      </object_component>
      <object_component id="oc-57">
         <name>.debug_line</name>
         <load_address>0x13e8</load_address>
         <run_address>0x13e8</run_address>
         <size>0x45</size>
         <input_file_ref idref="fl-c6"/>
      </object_component>
      <object_component id="oc-1e5">
         <name>.debug_line</name>
         <load_address>0x142d</load_address>
         <run_address>0x142d</run_address>
         <size>0x37</size>
         <input_file_ref idref="fl-c7"/>
      </object_component>
      <object_component id="oc-3b">
         <name>.debug_line</name>
         <load_address>0x1464</load_address>
         <run_address>0x1464</run_address>
         <size>0x88</size>
         <input_file_ref idref="fl-c8"/>
      </object_component>
      <object_component id="oc-1ce">
         <name>.debug_line</name>
         <load_address>0x14ec</load_address>
         <run_address>0x14ec</run_address>
         <size>0xbf</size>
         <input_file_ref idref="fl-ca"/>
      </object_component>
      <object_component id="oc-11e">
         <name>.debug_line</name>
         <load_address>0x15ab</load_address>
         <run_address>0x15ab</run_address>
         <size>0x6f</size>
         <input_file_ref idref="fl-ca"/>
      </object_component>
      <object_component id="oc-1d2">
         <name>.debug_line</name>
         <load_address>0x161a</load_address>
         <run_address>0x161a</run_address>
         <size>0x2e</size>
         <input_file_ref idref="fl-ca"/>
      </object_component>
      <object_component id="oc-1ef">
         <name>.debug_line</name>
         <load_address>0x1648</load_address>
         <run_address>0x1648</run_address>
         <size>0x9a</size>
         <input_file_ref idref="fl-ca"/>
      </object_component>
      <object_component id="oc-1d7">
         <name>.debug_line</name>
         <load_address>0x16e2</load_address>
         <run_address>0x16e2</run_address>
         <size>0x97</size>
         <input_file_ref idref="fl-ca"/>
      </object_component>
      <object_component id="oc-1dc">
         <name>.debug_line</name>
         <load_address>0x1779</load_address>
         <run_address>0x1779</run_address>
         <size>0x93</size>
         <input_file_ref idref="fl-ca"/>
      </object_component>
      <object_component id="oc-94">
         <name>.debug_line</name>
         <load_address>0x180c</load_address>
         <run_address>0x180c</run_address>
         <size>0x40</size>
         <input_file_ref idref="fl-cb"/>
      </object_component>
      <object_component id="oc-10f">
         <name>.debug_line</name>
         <load_address>0x184c</load_address>
         <run_address>0x184c</run_address>
         <size>0x3c</size>
         <input_file_ref idref="fl-cd"/>
      </object_component>
      <object_component id="oc-c6">
         <name>.debug_frame</name>
         <load_address>0x0</load_address>
         <run_address>0x0</run_address>
         <size>0x54</size>
         <input_file_ref idref="fl-2"/>
      </object_component>
      <object_component id="oc-b1">
         <name>.debug_frame</name>
         <load_address>0x54</load_address>
         <run_address>0x54</run_address>
         <size>0x118</size>
         <input_file_ref idref="fl-3"/>
      </object_component>
      <object_component id="oc-71">
         <name>.debug_frame</name>
         <load_address>0x16c</load_address>
         <run_address>0x16c</run_address>
         <size>0x180</size>
         <input_file_ref idref="fl-4"/>
      </object_component>
      <object_component id="oc-69">
         <name>.debug_frame</name>
         <load_address>0x2ec</load_address>
         <run_address>0x2ec</run_address>
         <size>0x6c</size>
         <input_file_ref idref="fl-5"/>
      </object_component>
      <object_component id="oc-154">
         <name>.debug_frame</name>
         <load_address>0x358</load_address>
         <run_address>0x358</run_address>
         <size>0x8c</size>
         <input_file_ref idref="fl-6"/>
      </object_component>
      <object_component id="oc-aa">
         <name>.debug_frame</name>
         <load_address>0x3e4</load_address>
         <run_address>0x3e4</run_address>
         <size>0x70</size>
         <input_file_ref idref="fl-7"/>
      </object_component>
      <object_component id="oc-48">
         <name>.debug_frame</name>
         <load_address>0x454</load_address>
         <run_address>0x454</run_address>
         <size>0x54</size>
         <input_file_ref idref="fl-c3"/>
      </object_component>
      <object_component id="oc-22">
         <name>.debug_frame</name>
         <load_address>0x4a8</load_address>
         <run_address>0x4a8</run_address>
         <size>0x54</size>
         <input_file_ref idref="fl-c4"/>
      </object_component>
      <object_component id="oc-1c">
         <name>.debug_frame</name>
         <load_address>0x4fc</load_address>
         <run_address>0x4fc</run_address>
         <size>0x60</size>
         <input_file_ref idref="fl-c5"/>
      </object_component>
      <object_component id="oc-58">
         <name>.debug_frame</name>
         <load_address>0x55c</load_address>
         <run_address>0x55c</run_address>
         <size>0x50</size>
         <input_file_ref idref="fl-c6"/>
      </object_component>
      <object_component id="oc-11f">
         <name>.debug_frame</name>
         <load_address>0x5ac</load_address>
         <run_address>0x5ac</run_address>
         <size>0x5c</size>
         <input_file_ref idref="fl-ca"/>
      </object_component>
      <object_component id="oc-98">
         <name>.debug_frame</name>
         <load_address>0x608</load_address>
         <run_address>0x608</run_address>
         <size>0x54</size>
         <input_file_ref idref="fl-cb"/>
      </object_component>
      <object_component id="oc-111">
         <name>.debug_frame</name>
         <load_address>0x65c</load_address>
         <run_address>0x65c</run_address>
         <size>0x54</size>
         <input_file_ref idref="fl-cd"/>
      </object_component>
      <object_component id="oc-1b8">
         <name>.debug_abbrev</name>
         <load_address>0x0</load_address>
         <run_address>0x0</run_address>
         <size>0x71</size>
         <input_file_ref idref="fl-2"/>
      </object_component>
      <object_component id="oc-16d">
         <name>.debug_abbrev</name>
         <load_address>0x71</load_address>
         <run_address>0x71</run_address>
         <size>0x50</size>
         <input_file_ref idref="fl-2"/>
      </object_component>
      <object_component id="oc-1bc">
         <name>.debug_abbrev</name>
         <load_address>0xc1</load_address>
         <run_address>0xc1</run_address>
         <size>0xbd</size>
         <input_file_ref idref="fl-2"/>
      </object_component>
      <object_component id="oc-fb">
         <name>.debug_abbrev</name>
         <load_address>0x17e</load_address>
         <run_address>0x17e</run_address>
         <size>0x69</size>
         <input_file_ref idref="fl-2"/>
      </object_component>
      <object_component id="oc-160">
         <name>.debug_abbrev</name>
         <load_address>0x1e7</load_address>
         <run_address>0x1e7</run_address>
         <size>0x97</size>
         <input_file_ref idref="fl-2"/>
      </object_component>
      <object_component id="oc-34">
         <name>.debug_abbrev</name>
         <load_address>0x27e</load_address>
         <run_address>0x27e</run_address>
         <size>0x1f</size>
         <input_file_ref idref="fl-2"/>
      </object_component>
      <object_component id="oc-184">
         <name>.debug_abbrev</name>
         <load_address>0x29d</load_address>
         <run_address>0x29d</run_address>
         <size>0x5c</size>
         <input_file_ref idref="fl-2"/>
      </object_component>
      <object_component id="oc-f4">
         <name>.debug_abbrev</name>
         <load_address>0x2f9</load_address>
         <run_address>0x2f9</run_address>
         <size>0x24</size>
         <input_file_ref idref="fl-2"/>
      </object_component>
      <object_component id="oc-156">
         <name>.debug_abbrev</name>
         <load_address>0x31d</load_address>
         <run_address>0x31d</run_address>
         <size>0x7a</size>
         <input_file_ref idref="fl-3"/>
      </object_component>
      <object_component id="oc-157">
         <name>.debug_abbrev</name>
         <load_address>0x397</load_address>
         <run_address>0x397</run_address>
         <size>0xc1</size>
         <input_file_ref idref="fl-4"/>
      </object_component>
      <object_component id="oc-180">
         <name>.debug_abbrev</name>
         <load_address>0x458</load_address>
         <run_address>0x458</run_address>
         <size>0x29</size>
         <input_file_ref idref="fl-4"/>
      </object_component>
      <object_component id="oc-170">
         <name>.debug_abbrev</name>
         <load_address>0x481</load_address>
         <run_address>0x481</run_address>
         <size>0x29</size>
         <input_file_ref idref="fl-4"/>
      </object_component>
      <object_component id="oc-165">
         <name>.debug_abbrev</name>
         <load_address>0x4aa</load_address>
         <run_address>0x4aa</run_address>
         <size>0x29</size>
         <input_file_ref idref="fl-4"/>
      </object_component>
      <object_component id="oc-167">
         <name>.debug_abbrev</name>
         <load_address>0x4d3</load_address>
         <run_address>0x4d3</run_address>
         <size>0x29</size>
         <input_file_ref idref="fl-4"/>
      </object_component>
      <object_component id="oc-16b">
         <name>.debug_abbrev</name>
         <load_address>0x4fc</load_address>
         <run_address>0x4fc</run_address>
         <size>0x29</size>
         <input_file_ref idref="fl-4"/>
      </object_component>
      <object_component id="oc-169">
         <name>.debug_abbrev</name>
         <load_address>0x525</load_address>
         <run_address>0x525</run_address>
         <size>0x29</size>
         <input_file_ref idref="fl-4"/>
      </object_component>
      <object_component id="oc-172">
         <name>.debug_abbrev</name>
         <load_address>0x54e</load_address>
         <run_address>0x54e</run_address>
         <size>0x29</size>
         <input_file_ref idref="fl-4"/>
      </object_component>
      <object_component id="oc-174">
         <name>.debug_abbrev</name>
         <load_address>0x577</load_address>
         <run_address>0x577</run_address>
         <size>0x29</size>
         <input_file_ref idref="fl-4"/>
      </object_component>
      <object_component id="oc-176">
         <name>.debug_abbrev</name>
         <load_address>0x5a0</load_address>
         <run_address>0x5a0</run_address>
         <size>0x29</size>
         <input_file_ref idref="fl-4"/>
      </object_component>
      <object_component id="oc-163">
         <name>.debug_abbrev</name>
         <load_address>0x5c9</load_address>
         <run_address>0x5c9</run_address>
         <size>0x29</size>
         <input_file_ref idref="fl-4"/>
      </object_component>
      <object_component id="oc-17e">
         <name>.debug_abbrev</name>
         <load_address>0x5f2</load_address>
         <run_address>0x5f2</run_address>
         <size>0x29</size>
         <input_file_ref idref="fl-4"/>
      </object_component>
      <object_component id="oc-178">
         <name>.debug_abbrev</name>
         <load_address>0x61b</load_address>
         <run_address>0x61b</run_address>
         <size>0x29</size>
         <input_file_ref idref="fl-4"/>
      </object_component>
      <object_component id="oc-17a">
         <name>.debug_abbrev</name>
         <load_address>0x644</load_address>
         <run_address>0x644</run_address>
         <size>0x29</size>
         <input_file_ref idref="fl-4"/>
      </object_component>
      <object_component id="oc-17c">
         <name>.debug_abbrev</name>
         <load_address>0x66d</load_address>
         <run_address>0x66d</run_address>
         <size>0x29</size>
         <input_file_ref idref="fl-4"/>
      </object_component>
      <object_component id="oc-16e">
         <name>.debug_abbrev</name>
         <load_address>0x696</load_address>
         <run_address>0x696</run_address>
         <size>0x27</size>
         <input_file_ref idref="fl-4"/>
      </object_component>
      <object_component id="oc-ec">
         <name>.debug_abbrev</name>
         <load_address>0x6bd</load_address>
         <run_address>0x6bd</run_address>
         <size>0xb2</size>
         <input_file_ref idref="fl-4"/>
      </object_component>
      <object_component id="oc-15b">
         <name>.debug_abbrev</name>
         <load_address>0x76f</load_address>
         <run_address>0x76f</run_address>
         <size>0xbd</size>
         <input_file_ref idref="fl-4"/>
      </object_component>
      <object_component id="oc-ef">
         <name>.debug_abbrev</name>
         <load_address>0x82c</load_address>
         <run_address>0x82c</run_address>
         <size>0x1f</size>
         <input_file_ref idref="fl-4"/>
      </object_component>
      <object_component id="oc-f7">
         <name>.debug_abbrev</name>
         <load_address>0x84b</load_address>
         <run_address>0x84b</run_address>
         <size>0x7c</size>
         <input_file_ref idref="fl-5"/>
      </object_component>
      <object_component id="oc-73">
         <name>.debug_abbrev</name>
         <load_address>0x8c7</load_address>
         <run_address>0x8c7</run_address>
         <size>0x29</size>
         <input_file_ref idref="fl-5"/>
      </object_component>
      <object_component id="oc-ab">
         <name>.debug_abbrev</name>
         <load_address>0x8f0</load_address>
         <run_address>0x8f0</run_address>
         <size>0x89</size>
         <input_file_ref idref="fl-5"/>
      </object_component>
      <object_component id="oc-1e7">
         <name>.debug_abbrev</name>
         <load_address>0x979</load_address>
         <run_address>0x979</run_address>
         <size>0x29</size>
         <input_file_ref idref="fl-6"/>
      </object_component>
      <object_component id="oc-1b7">
         <name>.debug_abbrev</name>
         <load_address>0x9a2</load_address>
         <run_address>0x9a2</run_address>
         <size>0xa9</size>
         <input_file_ref idref="fl-6"/>
      </object_component>
      <object_component id="oc-1a8">
         <name>.debug_abbrev</name>
         <load_address>0xa4b</load_address>
         <run_address>0xa4b</run_address>
         <size>0x29</size>
         <input_file_ref idref="fl-7"/>
      </object_component>
      <object_component id="oc-14f">
         <name>.debug_abbrev</name>
         <load_address>0xa74</load_address>
         <run_address>0xa74</run_address>
         <size>0x8b</size>
         <input_file_ref idref="fl-7"/>
      </object_component>
      <object_component id="oc-1e0">
         <name>.debug_abbrev</name>
         <load_address>0xaff</load_address>
         <run_address>0xaff</run_address>
         <size>0x3c</size>
         <input_file_ref idref="fl-c1"/>
      </object_component>
      <object_component id="oc-1e6">
         <name>.debug_abbrev</name>
         <load_address>0xb3b</load_address>
         <run_address>0xb3b</run_address>
         <size>0x4a</size>
         <input_file_ref idref="fl-c2"/>
      </object_component>
      <object_component id="oc-10a">
         <name>.debug_abbrev</name>
         <load_address>0xb85</load_address>
         <run_address>0xb85</run_address>
         <size>0x5d</size>
         <input_file_ref idref="fl-c3"/>
      </object_component>
      <object_component id="oc-86">
         <name>.debug_abbrev</name>
         <load_address>0xbe2</load_address>
         <run_address>0xbe2</run_address>
         <size>0x6f</size>
         <input_file_ref idref="fl-c3"/>
      </object_component>
      <object_component id="oc-89">
         <name>.debug_abbrev</name>
         <load_address>0xc51</load_address>
         <run_address>0xc51</run_address>
         <size>0x24</size>
         <input_file_ref idref="fl-c3"/>
      </object_component>
      <object_component id="oc-107">
         <name>.debug_abbrev</name>
         <load_address>0xc75</load_address>
         <run_address>0xc75</run_address>
         <size>0x24</size>
         <input_file_ref idref="fl-c3"/>
      </object_component>
      <object_component id="oc-84">
         <name>.debug_abbrev</name>
         <load_address>0xc99</load_address>
         <run_address>0xc99</run_address>
         <size>0x37</size>
         <input_file_ref idref="fl-c4"/>
      </object_component>
      <object_component id="oc-3c">
         <name>.debug_abbrev</name>
         <load_address>0xcd0</load_address>
         <run_address>0xcd0</run_address>
         <size>0x74</size>
         <input_file_ref idref="fl-c4"/>
      </object_component>
      <object_component id="oc-3f">
         <name>.debug_abbrev</name>
         <load_address>0xd44</load_address>
         <run_address>0xd44</run_address>
         <size>0x24</size>
         <input_file_ref idref="fl-c4"/>
      </object_component>
      <object_component id="oc-81">
         <name>.debug_abbrev</name>
         <load_address>0xd68</load_address>
         <run_address>0xd68</run_address>
         <size>0x24</size>
         <input_file_ref idref="fl-c4"/>
      </object_component>
      <object_component id="oc-103">
         <name>.debug_abbrev</name>
         <load_address>0xd8c</load_address>
         <run_address>0xd8c</run_address>
         <size>0x37</size>
         <input_file_ref idref="fl-c5"/>
      </object_component>
      <object_component id="oc-2c">
         <name>.debug_abbrev</name>
         <load_address>0xdc3</load_address>
         <run_address>0xdc3</run_address>
         <size>0x6f</size>
         <input_file_ref idref="fl-c5"/>
      </object_component>
      <object_component id="oc-2f">
         <name>.debug_abbrev</name>
         <load_address>0xe32</load_address>
         <run_address>0xe32</run_address>
         <size>0x24</size>
         <input_file_ref idref="fl-c5"/>
      </object_component>
      <object_component id="oc-100">
         <name>.debug_abbrev</name>
         <load_address>0xe56</load_address>
         <run_address>0xe56</run_address>
         <size>0x35</size>
         <input_file_ref idref="fl-c5"/>
      </object_component>
      <object_component id="oc-7a">
         <name>.debug_abbrev</name>
         <load_address>0xe8b</load_address>
         <run_address>0xe8b</run_address>
         <size>0x24</size>
         <input_file_ref idref="fl-c5"/>
      </object_component>
      <object_component id="oc-76">
         <name>.debug_abbrev</name>
         <load_address>0xeaf</load_address>
         <run_address>0xeaf</run_address>
         <size>0x29</size>
         <input_file_ref idref="fl-c6"/>
      </object_component>
      <object_component id="oc-9c">
         <name>.debug_abbrev</name>
         <load_address>0xed8</load_address>
         <run_address>0xed8</run_address>
         <size>0x55</size>
         <input_file_ref idref="fl-c6"/>
      </object_component>
      <object_component id="oc-1f8">
         <name>.debug_abbrev</name>
         <load_address>0xf2d</load_address>
         <run_address>0xf2d</run_address>
         <size>0x38</size>
         <input_file_ref idref="fl-c7"/>
      </object_component>
      <object_component id="oc-7e">
         <name>.debug_abbrev</name>
         <load_address>0xf65</load_address>
         <run_address>0xf65</run_address>
         <size>0x3e</size>
         <input_file_ref idref="fl-c8"/>
      </object_component>
      <object_component id="oc-1cd">
         <name>.debug_abbrev</name>
         <load_address>0xfa3</load_address>
         <run_address>0xfa3</run_address>
         <size>0xc0</size>
         <input_file_ref idref="fl-ca"/>
      </object_component>
      <object_component id="oc-192">
         <name>.debug_abbrev</name>
         <load_address>0x1063</load_address>
         <run_address>0x1063</run_address>
         <size>0x7e</size>
         <input_file_ref idref="fl-ca"/>
      </object_component>
      <object_component id="oc-1d1">
         <name>.debug_abbrev</name>
         <load_address>0x10e1</load_address>
         <run_address>0x10e1</run_address>
         <size>0x24</size>
         <input_file_ref idref="fl-ca"/>
      </object_component>
      <object_component id="oc-1ee">
         <name>.debug_abbrev</name>
         <load_address>0x1105</load_address>
         <run_address>0x1105</run_address>
         <size>0x24</size>
         <input_file_ref idref="fl-ca"/>
      </object_component>
      <object_component id="oc-1d6">
         <name>.debug_abbrev</name>
         <load_address>0x1129</load_address>
         <run_address>0x1129</run_address>
         <size>0x24</size>
         <input_file_ref idref="fl-ca"/>
      </object_component>
      <object_component id="oc-1db">
         <name>.debug_abbrev</name>
         <load_address>0x114d</load_address>
         <run_address>0x114d</run_address>
         <size>0x4b</size>
         <input_file_ref idref="fl-ca"/>
      </object_component>
      <object_component id="oc-10d">
         <name>.debug_abbrev</name>
         <load_address>0x1198</load_address>
         <run_address>0x1198</run_address>
         <size>0x55</size>
         <input_file_ref idref="fl-cb"/>
      </object_component>
      <object_component id="oc-188">
         <name>.debug_abbrev</name>
         <load_address>0x11ed</load_address>
         <run_address>0x11ed</run_address>
         <size>0x45</size>
         <input_file_ref idref="fl-cd"/>
      </object_component>
      <object_component id="oc-22f">
         <name>.debug_abbrev</name>
         <load_address>0x1232</load_address>
         <run_address>0x1232</run_address>
         <size>0xf</size>
      </object_component>
      <object_component id="oc-1be">
         <name>.debug_str</name>
         <load_address>0x0</load_address>
         <run_address>0x0</run_address>
         <size>0x1804</size>
         <input_file_ref idref="fl-2"/>
      </object_component>
      <object_component id="oc-fd">
         <name>.debug_str</name>
         <load_address>0x1804</load_address>
         <run_address>0x1804</run_address>
         <size>0x2bf</size>
         <input_file_ref idref="fl-2"/>
      </object_component>
      <object_component id="oc-162">
         <name>.debug_str</name>
         <load_address>0x1ac3</load_address>
         <run_address>0x1ac3</run_address>
         <size>0x494</size>
         <input_file_ref idref="fl-2"/>
      </object_component>
      <object_component id="oc-36">
         <name>.debug_str</name>
         <load_address>0x1f57</load_address>
         <run_address>0x1f57</run_address>
         <size>0xfd</size>
         <input_file_ref idref="fl-2"/>
      </object_component>
      <object_component id="oc-186">
         <name>.debug_str</name>
         <load_address>0x2054</load_address>
         <run_address>0x2054</run_address>
         <size>0x355</size>
         <input_file_ref idref="fl-2"/>
      </object_component>
      <object_component id="oc-f6">
         <name>.debug_str</name>
         <load_address>0x23a9</load_address>
         <run_address>0x23a9</run_address>
         <size>0x157</size>
         <input_file_ref idref="fl-2"/>
      </object_component>
      <object_component id="oc-15d">
         <name>.debug_str</name>
         <load_address>0x2500</load_address>
         <run_address>0x2500</run_address>
         <size>0x1805</size>
         <input_file_ref idref="fl-4"/>
      </object_component>
      <object_component id="oc-f1">
         <name>.debug_str</name>
         <load_address>0x3d05</load_address>
         <run_address>0x3d05</run_address>
         <size>0xfd</size>
         <input_file_ref idref="fl-4"/>
      </object_component>
      <object_component id="oc-8b">
         <name>.debug_str</name>
         <load_address>0x3e02</load_address>
         <run_address>0x3e02</run_address>
         <size>0x105</size>
         <input_file_ref idref="fl-c3"/>
      </object_component>
      <object_component id="oc-109">
         <name>.debug_str</name>
         <load_address>0x3f07</load_address>
         <run_address>0x3f07</run_address>
         <size>0x140</size>
         <input_file_ref idref="fl-c3"/>
      </object_component>
      <object_component id="oc-41">
         <name>.debug_str</name>
         <load_address>0x4047</load_address>
         <run_address>0x4047</run_address>
         <size>0x10b</size>
         <input_file_ref idref="fl-c4"/>
      </object_component>
      <object_component id="oc-83">
         <name>.debug_str</name>
         <load_address>0x4152</load_address>
         <run_address>0x4152</run_address>
         <size>0x140</size>
         <input_file_ref idref="fl-c4"/>
      </object_component>
      <object_component id="oc-31">
         <name>.debug_str</name>
         <load_address>0x4292</load_address>
         <run_address>0x4292</run_address>
         <size>0x118</size>
         <input_file_ref idref="fl-c5"/>
      </object_component>
      <object_component id="oc-102">
         <name>.debug_str</name>
         <load_address>0x43aa</load_address>
         <run_address>0x43aa</run_address>
         <size>0x16b</size>
         <input_file_ref idref="fl-c5"/>
      </object_component>
      <object_component id="oc-7c">
         <name>.debug_str</name>
         <load_address>0x4515</load_address>
         <run_address>0x4515</run_address>
         <size>0x158</size>
         <input_file_ref idref="fl-c5"/>
      </object_component>
      <object_component id="oc-1d3">
         <name>.debug_str</name>
         <load_address>0x466d</load_address>
         <run_address>0x466d</run_address>
         <size>0xed</size>
         <input_file_ref idref="fl-ca"/>
      </object_component>
      <object_component id="oc-1f0">
         <name>.debug_str</name>
         <load_address>0x475a</load_address>
         <run_address>0x475a</run_address>
         <size>0x157</size>
         <input_file_ref idref="fl-ca"/>
      </object_component>
      <object_component id="oc-1d8">
         <name>.debug_str</name>
         <load_address>0x48b1</load_address>
         <run_address>0x48b1</run_address>
         <size>0x150</size>
         <input_file_ref idref="fl-ca"/>
      </object_component>
      <object_component id="oc-1dd">
         <name>.debug_str</name>
         <load_address>0x4a01</load_address>
         <run_address>0x4a01</run_address>
         <size>0x197</size>
         <input_file_ref idref="fl-ca"/>
      </object_component>
      <object_component id="oc-c8">
         <name>.debug_aranges</name>
         <load_address>0x0</load_address>
         <run_address>0x0</run_address>
         <size>0x20</size>
         <input_file_ref idref="fl-2"/>
      </object_component>
      <object_component id="oc-af">
         <name>.debug_aranges</name>
         <load_address>0x20</load_address>
         <run_address>0x20</run_address>
         <size>0x60</size>
         <input_file_ref idref="fl-3"/>
      </object_component>
      <object_component id="oc-6f">
         <name>.debug_aranges</name>
         <load_address>0x80</load_address>
         <run_address>0x80</run_address>
         <size>0x80</size>
         <input_file_ref idref="fl-4"/>
      </object_component>
      <object_component id="oc-68">
         <name>.debug_aranges</name>
         <load_address>0x100</load_address>
         <run_address>0x100</run_address>
         <size>0x28</size>
         <input_file_ref idref="fl-5"/>
      </object_component>
      <object_component id="oc-152">
         <name>.debug_aranges</name>
         <load_address>0x128</load_address>
         <run_address>0x128</run_address>
         <size>0x30</size>
         <input_file_ref idref="fl-6"/>
      </object_component>
      <object_component id="oc-a7">
         <name>.debug_aranges</name>
         <load_address>0x158</load_address>
         <run_address>0x158</run_address>
         <size>0x28</size>
         <input_file_ref idref="fl-7"/>
      </object_component>
      <object_component id="oc-1ac">
         <name>.debug_aranges</name>
         <load_address>0x180</load_address>
         <run_address>0x180</run_address>
         <size>0x20</size>
         <input_file_ref idref="fl-c1"/>
      </object_component>
      <object_component id="oc-1b3">
         <name>.debug_aranges</name>
         <load_address>0x1a0</load_address>
         <run_address>0x1a0</run_address>
         <size>0x20</size>
         <input_file_ref idref="fl-c2"/>
      </object_component>
      <object_component id="oc-46">
         <name>.debug_aranges</name>
         <load_address>0x1c0</load_address>
         <run_address>0x1c0</run_address>
         <size>0x20</size>
         <input_file_ref idref="fl-c3"/>
      </object_component>
      <object_component id="oc-1e">
         <name>.debug_aranges</name>
         <load_address>0x1e0</load_address>
         <run_address>0x1e0</run_address>
         <size>0x20</size>
         <input_file_ref idref="fl-c4"/>
      </object_component>
      <object_component id="oc-19">
         <name>.debug_aranges</name>
         <load_address>0x200</load_address>
         <run_address>0x200</run_address>
         <size>0x20</size>
         <input_file_ref idref="fl-c5"/>
      </object_component>
      <object_component id="oc-56">
         <name>.debug_aranges</name>
         <load_address>0x220</load_address>
         <run_address>0x220</run_address>
         <size>0x20</size>
         <input_file_ref idref="fl-c6"/>
      </object_component>
      <object_component id="oc-1e2">
         <name>.debug_aranges</name>
         <load_address>0x240</load_address>
         <run_address>0x240</run_address>
         <size>0x20</size>
         <input_file_ref idref="fl-c7"/>
      </object_component>
      <object_component id="oc-3a">
         <name>.debug_aranges</name>
         <load_address>0x260</load_address>
         <run_address>0x260</run_address>
         <size>0x20</size>
         <input_file_ref idref="fl-c8"/>
      </object_component>
      <object_component id="oc-11d">
         <name>.debug_aranges</name>
         <load_address>0x280</load_address>
         <run_address>0x280</run_address>
         <size>0x20</size>
         <input_file_ref idref="fl-ca"/>
      </object_component>
      <object_component id="oc-95">
         <name>.debug_aranges</name>
         <load_address>0x2a0</load_address>
         <run_address>0x2a0</run_address>
         <size>0x20</size>
         <input_file_ref idref="fl-cb"/>
      </object_component>
      <object_component id="oc-110">
         <name>.debug_aranges</name>
         <load_address>0x2c0</load_address>
         <run_address>0x2c0</run_address>
         <size>0x20</size>
         <input_file_ref idref="fl-cd"/>
      </object_component>
      <object_component id="oc-ca">
         <name>.debug_pubnames</name>
         <load_address>0x0</load_address>
         <run_address>0x0</run_address>
         <size>0x21</size>
         <input_file_ref idref="fl-2"/>
      </object_component>
      <object_component id="oc-ae">
         <name>.debug_pubnames</name>
         <load_address>0x21</load_address>
         <run_address>0x21</run_address>
         <size>0xae</size>
         <input_file_ref idref="fl-3"/>
      </object_component>
      <object_component id="oc-b4">
         <name>.debug_pubnames</name>
         <load_address>0xcf</load_address>
         <run_address>0xcf</run_address>
         <size>0x60</size>
         <input_file_ref idref="fl-4"/>
      </object_component>
      <object_component id="oc-eb">
         <name>.debug_pubnames</name>
         <load_address>0x12f</load_address>
         <run_address>0x12f</run_address>
         <size>0x1d</size>
         <input_file_ref idref="fl-4"/>
      </object_component>
      <object_component id="oc-d0">
[...]
      </handler>
      <handler>
         <index>0x2</index>
         <name>__TI_zero_init</name>
      </handler>
   </handler_table>
   <symbol_table>
      <symbol id="sm-1">
         <name>WDTCTL_SYM</name>
         <value>0x4000480c</value>
      </symbol>
      <symbol id="sm-2">
         <name>__start___llvm_prf_cnts</name>
         <value>0x20000000</value>
      </symbol>
      <symbol id="sm-3">
         <name>__stop___llvm_prf_cnts</name>
         <value>0x20000000</value>
      </symbol>
      <symbol id="sm-4">
         <name>__TI_CINIT_Base</name>
         <value>0x12b0</value>
      </symbol>
      <symbol id="sm-5">
         <name>__TI_CINIT_Limit</name>
         <value>0x12c0</value>
      </symbol>
      <symbol id="sm-6">
         <name>__TI_Handler_Table_Base</name>
         <value>0x1298</value>
      </symbol>
      <symbol id="sm-7">
         <name>__TI_Handler_Table_Limit</name>
         <value>0x12a4</value>
      </symbol>
      <symbol id="sm-8">
         <name>binit</name>
         <value>0xffffffff</value>
      </symbol>
      <symbol id="sm-9">
         <name>__binit__</name>
         <value>0xffffffff</value>
      </symbol>
      <symbol id="sm-a">
         <name>__STACK_SIZE</name>
         <value>0x200</value>
      </symbol>
      <symbol id="sm-b">
         <name>__STACK_END</name>
         <value>0x20040000</value>
      </symbol>
      <symbol id="sm-c">
         <name>__c_args__</name>
         <value>0xffffffff</value>
      </symbol>
      <symbol id="sm-d">
         <name>__TI_pprof_out_hndl</name>
         <value>0xffffffff</value>
      </symbol>
      <symbol id="sm-e">
         <name>__TI_prof_data_start</name>
         <value>0xffffffff</value>
      </symbol>
      <symbol id="sm-f">
         <name>__TI_prof_data_size</name>
         <value>0xffffffff</value>
      </symbol>
      <symbol id="sm-60">
         <name>configLFXT</name>
         <value>0xfc9</value>
         <object_component_ref idref="oc-c5"/>
      </symbol>
      <symbol id="sm-80">
         <name>configLCD</name>
         <value>0xc31</value>
         <object_component_ref idref="oc-ac"/>
      </symbol>
      <symbol id="sm-81">
         <name>dataInstruction</name>
         <value>0xd2d</value>
         <object_component_ref idref="oc-ac"/>
      </symbol>
      <symbol id="sm-82">
         <name>secondRow</name>
         <value>0xdbf</value>
         <object_component_ref idref="oc-ac"/>
      </symbol>
      <symbol id="sm-83">
         <name>commandInstruction</name>
         <value>0xd1b</value>
         <object_component_ref idref="oc-ac"/>
      </symbol>
      <symbol id="sm-84">
         <name>clearDisplay</name>
         <value>0xdb5</value>
         <object_component_ref idref="oc-ac"/>
      </symbol>
      <symbol id="sm-85">
         <name>printChar</name>
         <value>0xda5</value>
         <object_component_ref idref="oc-ac"/>
      </symbol>
      <symbol id="sm-86">
         <name>writeInstruction</name>
         <value>0xcc3</value>
         <object_component_ref idref="oc-ac"/>
      </symbol>
      <symbol id="sm-87">
         <name>instructionDelay</name>
         <value>0xc95</value>
         <object_component_ref idref="oc-ac"/>
      </symbol>
      <symbol id="sm-88">
         <name>initLCD</name>
         <value>0xd3f</value>
         <object_component_ref idref="oc-ac"/>
      </symbol>
      <symbol id="sm-193">
         <name>RXDataPointer</name>
         <value>0x2000001e</value>
      </symbol>
      <symbol id="sm-194">
         <name>TXDataPointer</name>
         <value>0x2000001f</value>
      </symbol>
      <symbol id="sm-195">
         <name>accel_x</name>
         <value>0x20000018</value>
      </symbol>
      <symbol id="sm-196">
         <name>accel_y</name>
         <value>0x2000001a</value>
      </symbol>
      <symbol id="sm-197">
         <name>accel_z</name>
         <value>0x2000001c</value>
      </symbol>
      <symbol id="sm-198">
         <name>GY_521_init</name>
         <value>0xe9</value>
         <object_component_ref idref="oc-6d"/>
      </symbol>
      <symbol id="sm-199">
         <name>newSpec</name>
         <value>0x20000012</value>
         <object_component_ref idref="oc-b6"/>
      </symbol>
      <symbol id="sm-19a">
         <name>printMessage</name>
         <value>0x279</value>
         <object_component_ref idref="oc-6d"/>
      </symbol>
      <symbol id="sm-19b">
         <name>printArrLCD</name>
         <value>0x2b1</value>
         <object_component_ref idref="oc-6d"/>
      </symbol>
      <symbol id="sm-19c">
         <name>newValues</name>
         <value>0x20000010</value>
         <object_component_ref idref="oc-b6"/>
      </symbol>
      <symbol id="sm-19d">
         <name>RXData</name>
         <value>0x20000008</value>
         <object_component_ref idref="oc-e9"/>
      </symbol>
      <symbol id="sm-19e">
         <name>EUSCIB0_IRQHandler</name>
         <value>0x699</value>
         <object_component_ref idref="oc-6d"/>
      </symbol>
      <symbol id="sm-19f">
         <name>timer_init</name>
         <value>0x2dd</value>
         <object_component_ref idref="oc-6d"/>
      </symbol>
      <symbol id="sm-1a0">
         <name>main</name>
         <value>0x599</value>
         <object_component_ref idref="oc-6d"/>
      </symbol>
      <symbol id="sm-1a1">
         <name>printSpec</name>
         <value>0x2fd</value>
         <object_component_ref idref="oc-6d"/>
      </symbol>
      <symbol id="sm-1a2">
         <name>mode_spec</name>
         <value>0x2000000e</value>
         <object_component_ref idref="oc-b6"/>
      </symbol>
      <symbol id="sm-1a3">
         <name>AccelY</name>
         <value>0x1233</value>
         <object_component_ref idref="oc-e0"/>
      </symbol>
      <symbol id="sm-1a4">
         <name>AccelX</name>
         <value>0x125a</value>
         <object_component_ref idref="oc-dd"/>
      </symbol>
      <symbol id="sm-1a5">
         <name>AccelZ</name>
         <value>0x1240</value>
         <object_component_ref idref="oc-e3"/>
      </symbol>
      <symbol id="sm-1a6">
         <name>mode_gyro</name>
         <value>0x2000000f</value>
         <object_component_ref idref="oc-b6"/>
      </symbol>
      <symbol id="sm-1a7">
         <name>newChoice</name>
         <value>0x20000011</value>
         <object_component_ref idref="oc-b6"/>
      </symbol>
      <symbol id="sm-1a8">
         <name>printDigits</name>
         <value>0x355</value>
         <object_component_ref idref="oc-6d"/>
      </symbol>
      <symbol id="sm-1a9">
         <name>changeAccelMode</name>
         <value>0x1ab</value>
         <object_component_ref idref="oc-6d"/>
      </symbol>
      <symbol id="sm-1aa">
         <name>prompt</name>
         <value>0x1180</value>
         <object_component_ref idref="oc-e6"/>
      </symbol>
      <symbol id="sm-1ab">
         <name>EUSCIA0_IRQHandler</name>
         <value>0x775</value>
         <object_component_ref idref="oc-6d"/>
      </symbol>
      <symbol id="sm-1ac">
         <name>modeY</name>
         <value>0x127d</value>
         <object_component_ref idref="oc-d5"/>
      </symbol>
      <symbol id="sm-1ad">
         <name>modeX</name>
         <value>0x127b</value>
         <object_component_ref idref="oc-d1"/>
      </symbol>
      <symbol id="sm-1ae">
         <name>modeZ</name>
         <value>0x127f</value>
         <object_component_ref idref="oc-d9"/>
      </symbol>
      <symbol id="sm-1af">
         <name>mode8</name>
         <value>0x1277</value>
         <object_component_ref idref="oc-c2"/>
      </symbol>
      <symbol id="sm-1b0">
         <name>mode2</name>
         <value>0x126f</value>
         <object_component_ref idref="oc-b9"/>
      </symbol>
      <symbol id="sm-1b1">
         <name>mode4</name>
         <value>0x1273</value>
         <object_component_ref idref="oc-bc"/>
      </symbol>
      <symbol id="sm-1b2">
         <name>stubborn_timer</name>
         <value>0x20000013</value>
         <object_component_ref idref="oc-b6"/>
      </symbol>
      <symbol id="sm-1b3">
         <name>mode16</name>
         <value>0x126b</value>
         <object_component_ref idref="oc-bf"/>
      </symbol>
      <symbol id="sm-1b4">
         <name>TA0_N_IRQHandler</name>
         <value>0x851</value>
         <object_component_ref idref="oc-6d"/>
      </symbol>
      <symbol id="sm-1b5">
         <name>accel</name>
         <value>0x124d</value>
         <object_component_ref idref="oc-ce"/>
      </symbol>
      <symbol id="sm-1b6">
         <name>terminalPrinter</name>
         <value>0x48d</value>
         <object_component_ref idref="oc-6d"/>
      </symbol>
      <symbol id="sm-1b7">
         <name>terminal_init</name>
         <value>0x219</value>
         <object_component_ref idref="oc-6d"/>
      </symbol>
      <symbol id="sm-1cc">
         <name>Reset_Handler</name>
         <value>0x116b</value>
         <object_component_ref idref="oc-67"/>
      </symbol>
      <symbol id="sm-1cd">
         <name>Default_Handler</name>
         <value>0x1177</value>
         <object_component_ref idref="oc-67"/>
      </symbol>
      <symbol id="sm-1ce">
         <name>interruptVectors</name>
         <value>0x0</value>
         <object_component_ref idref="oc-26"/>
      </symbol>
      <symbol id="sm-1ec">
         <name>delayMilliSec</name>
         <value>0xe6d</value>
         <object_component_ref idref="oc-150"/>
      </symbol>
      <symbol id="sm-1ed">
         <name>delayMicroSec</name>
         <value>0xdfd</value>
         <object_component_ref idref="oc-150"/>
      </symbol>
      <symbol id="sm-1ee">
         <name>initDelayTimer</name>
         <value>0xde9</value>
         <object_component_ref idref="oc-150"/>
      </symbol>
      <symbol id="sm-1ef">
         <name>sysClkFreq</name>
         <value>0x20000000</value>
         <object_component_ref idref="oc-1b4"/>
      </symbol>
      <symbol id="sm-23d">
         <name>SystemInit</name>
         <value>0xb59</value>
         <object_component_ref idref="oc-a5"/>
      </symbol>
      <symbol id="sm-23e">
         <name>SystemCoreClockUpdate</name>
         <value>0x8e1</value>
         <object_component_ref idref="oc-a5"/>
      </symbol>
      <symbol id="sm-23f">
         <name>SystemCoreClock</name>
         <value>0x20000014</value>
         <object_component_ref idref="oc-14c"/>
      </symbol>
      <symbol id="sm-248">
         <name>__aeabi_lmul</name>
         <value>0x1145</value>
         <object_component_ref idref="oc-1aa"/>
      </symbol>
      <symbol id="sm-255">
         <name>__aeabi_uldivmod</name>
         <value>0xf31</value>
         <object_component_ref idref="oc-1af"/>
      </symbol>
      <symbol id="sm-26e">
         <name>__TI_zero_init_nomemset</name>
         <value>0x1129</value>
         <object_component_ref idref="oc-43"/>
      </symbol>
      <symbol id="sm-285">
         <name>__TI_decompress_none</name>
         <value>0x115d</value>
         <object_component_ref idref="oc-1d"/>
      </symbol>
      <symbol id="sm-2a8">
         <name>__TI_decompress_lzss</name>
         <value>0x1049</value>
         <object_component_ref idref="oc-17"/>
      </symbol>
      <symbol id="sm-2bb">
         <name>__stack</name>
         <value>0x2003fe00</value>
         <object_component_ref idref="oc-29"/>
      </symbol>
      <symbol id="sm-2bc">
         <name>_c_int00_noargs</name>
         <value>0x10f5</value>
         <object_component_ref idref="oc-55"/>
      </symbol>
      <symbol id="sm-2c6">
         <name>__aeabi_idiv0</name>
         <value>0xfc7</value>
         <object_component_ref idref="oc-1e1"/>
      </symbol>
      <symbol id="sm-2c7">
         <name>__aeabi_ldiv0</name>
         <value>0xfc7</value>
         <object_component_ref idref="oc-1e1"/>
      </symbol>
      <symbol id="sm-2e2">
         <name>memcpy</name>
         <value>0xe95</value>
         <object_component_ref idref="oc-37"/>
      </symbol>
      <symbol id="sm-2e3">
         <name>__aeabi_memcpy</name>
         <value>0xe95</value>
         <object_component_ref idref="oc-37"/>
      </symbol>
      <symbol id="sm-2e4">
         <name>__aeabi_memcpy8</name>
         <value>0xe95</value>
         <object_component_ref idref="oc-37"/>
      </symbol>
      <symbol id="sm-2e5">
         <name>__aeabi_memcpy4</name>
         <value>0xe95</value>
         <object_component_ref idref="oc-37"/>
      </symbol>
      <symbol id="sm-30e">
         <name>__TI_auto_init_nobinit_nopinit</name>
         <value>0x10b1</value>
         <object_component_ref idref="oc-11a"/>
      </symbol>
      <symbol id="sm-318">
         <name>_system_pre_init</name>
         <value>0x1179</value>
         <object_component_ref idref="oc-93"/>
      </symbol>
      <symbol id="sm-324">
         <name>C$$EXIT</name>
         <value>0x117d</value>
         <object_component_ref idref="oc-10e"/>
      </symbol>
      <symbol id="sm-325">
         <name>abort</name>
         <value>0x117d</value>
         <object_component_ref idref="oc-10e"/>
      </symbol>
      <symbol id="sm-328">
         <name>__TI_static_base__</name>
         <value>0x0</value>
      </symbol>
      <symbol id="sm-32b">
         <name>__mpu_init</name>
         <value>0x0</value>
      </symbol>
      <symbol id="sm-32c">
         <name>_system_post_cinit</name>
         <value>0x0</value>
      </symbol>
      <symbol id="sm-32d">
         <name>NMI_Handler</name>
         <value>0x1177</value>
      </symbol>
      <symbol id="sm-32e">
         <name>HardFault_Handler</name>
         <value>0x1177</value>
      </symbol>
      <symbol id="sm-32f">
         <name>MemManage_Handler</name>
         <value>0x1177</value>
      </symbol>
      <symbol id="sm-330">
         <name>BusFault_Handler</name>
         <value>0x1177</value>
      </symbol>
      <symbol id="sm-331">
         <name>UsageFault_Handler</name>
         <value>0x1177</value>
      </symbol>
      <symbol id="sm-332">
         <name>SVC_Handler</name>
         <value>0x1177</value>
      </symbol>
      <symbol id="sm-333">
         <name>DebugMon_Handler</name>
         <value>0x1177</value>
      </symbol>
      <symbol id="sm-334">
         <name>PendSV_Handler</name>
         <value>0x1177</value>
      </symbol>
      <symbol id="sm-335">
         <name>SysTick_Handler</name>
         <value>0x1177</value>
      </symbol>
      <symbol id="sm-336">
         <name>PSS_IRQHandler</name>
         <value>0x1177</value>
      </symbol>
      <symbol id="sm-337">
         <name>CS_IRQHandler</name>
         <value>0x1177</value>
      </symbol>
      <symbol id="sm-338">
         <name>PCM_IRQHandler</name>
         <value>0x1177</value>
      </symbol>
      <symbol id="sm-339">
         <name>WDT_A_IRQHandler</name>
         <value>0x1177</value>
      </symbol>
      <symbol id="sm-33a">
         <name>FPU_IRQHandler</name>
         <value>0x1177</value>
      </symbol>
      <symbol id="sm-33b">
         <name>FLCTL_A_IRQHandler</name>
         <value>0x1177</value>
      </symbol>
      <symbol id="sm-33c">
         <name>COMP_E0_IRQHandler</name>
         <value>0x1177</value>
      </symbol>
      <symbol id="sm-33d">
         <name>COMP_E1_IRQHandler</name>
         <value>0x1177</value>
      </symbol>
      <symbol id="sm-33e">
         <name>TA0_0_IRQHandler</name>
         <value>0x1177</value>
      </symbol>
      <symbol id="sm-33f">
         <name>TA0_N_IRQHandler</name>
         <value>0x851</value>
      </symbol>
      <symbol id="sm-340">
         <name>TA1_0_IRQHandler</name>
         <value>0x1177</value>
      </symbol>
      <symbol id="sm-341">
         <name>TA1_N_IRQHandler</name>
         <value>0x1177</value>
      </symbol>
      <symbol id="sm-342">
         <name>TA2_0_IRQHandler</name>
         <value>0x1177</value>
      </symbol>
      <symbol id="sm-343">
         <name>TA2_N_IRQHandler</name>
         <value>0x1177</value>
      </symbol>
      <symbol id="sm-344">
         <name>TA3_0_IRQHandler</name>
         <value>0x1177</value>
      </symbol>
      <symbol id="sm-345">
         <name>TA3_N_IRQHandler</name>
         <value>0x1177</value>
      </symbol>
      <symbol id="sm-346">
         <name>EUSCIA0_IRQHandler</name>
         <value>0x775</value>
      </symbol>
      <symbol id="sm-347">
         <name>EUSCIA1_IRQHandler</name>
         <value>0x1177</value>
      </symbol>
      <symbol id="sm-348">
         <name>EUSCIA2_IRQHandler</name>
         <value>0x1177</value>
      </symbol>
      <symbol id="sm-349">
         <name>EUSCIA3_IRQHandler</name>
         <value>0x1177</value>
      </symbol>
      <symbol id="sm-34a">
         <name>EUSCIB0_IRQHandler</name>
         <value>0x699</value>
      </symbol>
      <symbol id="sm-34b">
         <name>EUSCIB1_IRQHandler</name>
         <value>0x1177</value>
      </symbol>
      <symbol id="sm-34c">
         <name>EUSCIB2_IRQHandler</name>
         <value>0x1177</value>
      </symbol>
      <symbol id="sm-34d">
         <name>EUSCIB3_IRQHandler</name>
         <value>0x1177</value>
      </symbol>
      <symbol id="sm-34e">
         <name>ADC14_IRQHandler</name>
         <value>0x1177</value>
      </symbol>
      <symbol id="sm-34f">
         <name>T32_INT1_IRQHandler</name>
         <value>0x1177</value>
      </symbol>
      <symbol id="sm-350">
         <name>T32_INT2_IRQHandler</name>
         <value>0x1177</value>
      </symbol>
      <symbol id="sm-351">
         <name>T32_INTC_IRQHandler</name>
         <value>0x1177</value>
      </symbol>
      <symbol id="sm-352">
         <name>AES256_IRQHandler</name>
         <value>0x1177</value>
      </symbol>
      <symbol id="sm-353">
         <name>RTC_C_IRQHandler</name>
         <value>0x1177</value>
      </symbol>
      <symbol id="sm-354">
         <name>DMA_ERR_IRQHandler</name>
         <value>0x1177</value>
      </symbol>
      <symbol id="sm-355">
         <name>DMA_INT3_IRQHandler</name>
         <value>0x1177</value>
      </symbol>
      <symbol id="sm-356">
         <name>DMA_INT2_IRQHandler</name>
         <value>0x1177</value>
      </symbol>
      <symbol id="sm-357">
         <name>DMA_INT1_IRQHandler</name>
         <value>0x1177</value>
      </symbol>
      <symbol id="sm-358">
         <name>DMA_INT0_IRQHandler</name>
         <value>0x1177</value>
      </symbol>
      <symbol id="sm-359">
         <name>PORT1_IRQHandler</name>
         <value>0x1177</value>
      </symbol>
      <symbol id="sm-35a">
         <name>PORT2_IRQHandler</name>
         <value>0x1177</value>
      </symbol>
      <symbol id="sm-35b">
         <name>PORT3_IRQHandler</name>
         <value>0x1177</value>
      </symbol>
      <symbol id="sm-35c">
         <name>PORT4_IRQHandler</name>
         <value>0x1177</value>
      </symbol>
      <symbol id="sm-35d">
         <name>PORT5_IRQHandler</name>
         <value>0x1177</value>
      </symbol>
      <symbol id="sm-35e">
         <name>PORT6_IRQHandler</name>
         <value>0x1177</value>
      </symbol>
      <symbol id="sm-35f">
         <name>LCD_F_IRQHandler</name>
         <value>0x1177</value>
      </symbol>
   </symbol_table>
   <title>Link successful</title>
</link_info>
