******************************************************************************
                  TI ARM Linker PC v20.2.7                     
******************************************************************************
>> Linked Fri Jan 27 14:25:57 2023

OUTPUT FILE NAME:   <ece230project05RobertsJ_2.out>
ENTRY POINT SYMBOL: "_c_int00_noargs"  address: 00000dbd


MEMORY CONFIGURATION

         name            origin    length      used     unused   attr    fill
----------------------  --------  ---------  --------  --------  ----  --------
  MAIN                  00000000   00200000  00000ef3  001ff10d  R  X
  INFO                  00200000   00008000  00000000  00008000  R  X
  SRAM_CODE             01000000   00040000  00000220  0003fde0  RW X
  SRAM_DATA             20000000   00040000  00000220  0003fde0  RW  


SEGMENT ALLOCATION MAP

run origin  load origin   length   init length attrs members
----------  ----------- ---------- ----------- ----- -------
00000000    00000000    00000ef8   00000ef8    r-x
  00000000    00000000    000000e8   000000e8    r-- .intvecs
  000000e8    000000e8    00000d60   00000d60    r-x .text
  00000e48    00000e48    00000073   00000073    r-- .const
  00000ec0    00000ec0    00000038   00000038    r-- .cinit
20000000    20000000    00000020   00000000    rw-
  20000000    20000000    00000014   00000000    rw- .data
  20000014    20000014    0000000c   00000000    rw- .bss
2003fe00    2003fe00    00000200   00000000    rw-
  2003fe00    2003fe00    00000200   00000000    rw- .stack


SECTION ALLOCATION MAP

 output                                  attributes/
section   page    origin      length       input sections
--------  ----  ----------  ----------   ----------------
.intvecs   0    00000000    000000e8     
                  00000000    000000e8     startup_msp432p4111_ccs.obj (.intvecs:retain)

.text      0    000000e8    00000d60     
                  000000e8    00000460     main.obj (.text)
                  00000548    00000350     system_msp432p4111.obj (.text)
                  00000898    000001b0     lcd.obj (.text)
                  00000a48    000000e8     csHFXT.obj (.text)
                  00000b30    000000ac     sysTickDelays.obj (.text)
                  00000bdc    0000009c     rtsv7M4_T_le_v4SPD16_eabi.lib : memcpy_t2.asm.obj (.text)
                  00000c78    00000096                                   : ull_div_t2.asm.obj (.text)
                  00000d0e    00000068                                   : copy_decompress_lzss.c.obj (.text:decompress:lzss:__TI_decompress_lzss)
                  00000d76    00000002                                   : div0.asm.obj (.text)
                  00000d78    00000044                                   : autoinit.c.obj (.text:__TI_auto_init_nobinit_nopinit:__TI_auto_init_nobinit_nopinit)
                  00000dbc    00000034                                   : boot_cortex_m.c.obj (.text:_c_int00_noargs:_c_int00_noargs)
                  00000df0    0000001c                                   : copy_zero_init.c.obj (.text:decompress:ZI:__TI_zero_init_nomemset:__TI_zero_init_nomemset)
                  00000e0c    00000018                                   : ll_mul_t2.asm.obj (.text)
                  00000e24    0000000e                                   : copy_decompress_none.c.obj (.text:decompress:none:__TI_decompress_none)
                  00000e32    0000000e     startup_msp432p4111_ccs.obj (.text)
                  00000e40    00000004     rtsv7M4_T_le_v4SPD16_eabi.lib : pre_init.c.obj (.text:_system_pre_init)
                  00000e44    00000004                                   : exit.c.obj (.text:abort:abort)

.const     0    00000e48    00000073     
                  00000e48    00000056     main.obj (.const:.string:prompt)
                  00000e9e    0000000b     main.obj (.const:.string:AccelX)
                  00000ea9    00000009     main.obj (.const:.string:AccelY)
                  00000eb2    00000009     main.obj (.const:.string:AccelZ)

.cinit     0    00000ec0    00000038     
                  00000ec0    0000000e     (.cinit..data.load) [load image, compression = lzss]
                  00000ece    00000002     --HOLE-- [fill = 0]
                  00000ed0    0000000c     (__TI_handler_table)
                  00000edc    00000004     --HOLE-- [fill = 0]
                  00000ee0    00000008     (.cinit..bss.load) [load image, compression = zero_init]
                  00000ee8    00000010     (__TI_cinit_table)

.init_array 
*          0    00000000    00000000     UNINITIALIZED

.binit     0    00000000    00000000     

.data      0    20000000    00000014     UNINITIALIZED
                  20000000    00000008     sysTickDelays.obj (.data)
                  20000008    00000006     main.obj (.data:RXData)
                  2000000e    00000002     main.obj (.data)
                  20000010    00000004     system_msp432p4111.obj (.data)

.bss       0    20000014    0000000c     UNINITIALIZED
                  20000014    00000004     (.common:i)
                  20000018    00000002     (.common:accel_x)
                  2000001a    00000002     (.common:accel_y)
                  2000001c    00000002     (.common:accel_z)
                  2000001e    00000001     (.common:RXDataPointer)
                  2000001f    00000001     (.common:TXDataPointer)

.stack     0    2003fe00    00000200     UNINITIALIZED
                  2003fe00    00000004     rtsv7M4_T_le_v4SPD16_eabi.lib : boot_cortex_m.c.obj (.stack)
                  2003fe04    000001fc     --HOLE--

__llvm_prf_cnts 
*          0    20000000    00000000     UNINITIALIZED

MODULE SUMMARY

       Module                        code   ro data   rw data
       ------                        ----   -------   -------
    .\
       main.obj                      1120   115       40     
       system_msp432p4111.obj        848    0         8      
       lcd.obj                       432    0         0      
       startup_msp432p4111_ccs.obj   14     232       0      
       csHFXT.obj                    232    0         0      
       sysTickDelays.obj             172    0         16     
    +--+-----------------------------+------+---------+---------+
       Total:                        2818   347       64     
                                                             
    C:\ti\ccs1210\ccs\tools\compiler\ti-cgt-arm_20.2.7.LTS\lib\rtsv7M4_T_le_v4SPD16_eabi.lib
       memcpy_t2.asm.obj             156    0         0      
       ull_div_t2.asm.obj            150    0         0      
       copy_decompress_lzss.c.obj    104    0         0      
       autoinit.c.obj                68     0         0      
       boot_cortex_m.c.obj           52     0         0      
       copy_zero_init.c.obj          28     0         0      
       ll_mul_t2.asm.obj             24     0         0      
       copy_decompress_none.c.obj    14     0         0      
       exit.c.obj                    4      0         0      
       pre_init.c.obj                4      0         0      
       div0.asm.obj                  2      0         0      
    +--+-----------------------------+------+---------+---------+
       Total:                        606    0         0      
                                                             
       Stack:                        0      0         1024   
       Linker Generated:             0      50        0      
    +--+-----------------------------+------+---------+---------+
       Grand Total:                  3424   397       1088   


LINKER GENERATED COPY TABLES

__TI_cinit_table @ 00000ee8 records: 2, size/record: 8, table size: 16
	.data: load addr=00000ec0, load size=0000000e bytes, run addr=20000000, run size=00000014 bytes, compression=lzss
	.bss: load addr=00000ee0, load size=00000008 bytes, run addr=20000014, run size=0000000c bytes, compression=zero_init


LINKER GENERATED HANDLER TABLE

__TI_handler_table @ 00000ed0 records: 3, size/record: 4, table size: 12
	index: 0, handler: __TI_decompress_lzss
	index: 1, handler: __TI_decompress_none
	index: 2, handler: __TI_zero_init


GLOBAL SYMBOLS: SORTED ALPHABETICALLY BY Name 

address   name                          
-------   ----                          
00000e3f  ADC14_IRQHandler              
00000e3f  AES256_IRQHandler             
00000e9e  AccelX                        
00000ea9  AccelY                        
00000eb2  AccelZ                        
00000e3f  BusFault_Handler              
00000e45  C$$EXIT                       
00000e3f  COMP_E0_IRQHandler            
00000e3f  COMP_E1_IRQHandler            
00000e3f  CS_IRQHandler                 
00000e3f  DMA_ERR_IRQHandler            
00000e3f  DMA_INT0_IRQHandler           
00000e3f  DMA_INT1_IRQHandler           
00000e3f  DMA_INT2_IRQHandler           
00000e3f  DMA_INT3_IRQHandler           
00000e3f  DebugMon_Handler              
00000e3f  Default_Handler               
00000e3f  EUSCIA0_IRQHandler            
00000e3f  EUSCIA1_IRQHandler            
00000455  EUSCIA2_IRQHandler            
00000455  EUSCIA2_IRQHandler            
00000e3f  EUSCIA3_IRQHandler            
0000036f  EUSCIB0_IRQHandler            
0000036f  EUSCIB0_IRQHandler            
00000e3f  EUSCIB1_IRQHandler            
00000e3f  EUSCIB2_IRQHandler            
00000e3f  EUSCIB3_IRQHandler            
00000e3f  FLCTL_A_IRQHandler            
00000e3f  FPU_IRQHandler                
000000e9  GY_521_init                   
00000e3f  HardFault_Handler             
00000e3f  LCD_F_IRQHandler              
00000e3f  MemManage_Handler             
00000e3f  NMI_Handler                   
00000e3f  PCM_IRQHandler                
00000e3f  PORT1_IRQHandler              
00000e3f  PORT2_IRQHandler              
00000e3f  PORT3_IRQHandler              
00000e3f  PORT4_IRQHandler              
00000e3f  PORT5_IRQHandler              
00000e3f  PORT6_IRQHandler              
00000e3f  PSS_IRQHandler                
00000e3f  PendSV_Handler                
00000e3f  RTC_C_IRQHandler              
20000008  RXData                        
2000001e  RXDataPointer                 
00000e33  Reset_Handler                 
00000e3f  SVC_Handler                   
00000e3f  SysTick_Handler               
20000010  SystemCoreClock               
00000549  SystemCoreClockUpdate         
000007c1  SystemInit                    
00000e3f  T32_INT1_IRQHandler           
00000e3f  T32_INT2_IRQHandler           
00000e3f  T32_INTC_IRQHandler           
00000e3f  TA0_0_IRQHandler              
00000e3f  TA0_N_IRQHandler              
00000e3f  TA1_0_IRQHandler              
00000e3f  TA1_N_IRQHandler              
00000e3f  TA2_0_IRQHandler              
00000e3f  TA2_N_IRQHandler              
00000e3f  TA3_0_IRQHandler              
00000e3f  TA3_N_IRQHandler              
2000001f  TXDataPointer                 
00000e3f  UsageFault_Handler            
4000480c  WDTCTL_SYM                    
00000e3f  WDT_A_IRQHandler              
20040000  __STACK_END                   
00000200  __STACK_SIZE                  
00000ee8  __TI_CINIT_Base               
00000ef8  __TI_CINIT_Limit              
00000ed0  __TI_Handler_Table_Base       
00000edc  __TI_Handler_Table_Limit      
00000d79  __TI_auto_init_nobinit_nopinit
00000d0f  __TI_decompress_lzss          
00000e25  __TI_decompress_none          
ffffffff  __TI_pprof_out_hndl           
ffffffff  __TI_prof_data_size           
ffffffff  __TI_prof_data_start          
00000000  __TI_static_base__            
00000df1  __TI_zero_init_nomemset       
00000d77  __aeabi_idiv0                 
00000d77  __aeabi_ldiv0                 
00000e0d  __aeabi_lmul                  
00000bdd  __aeabi_memcpy                
00000bdd  __aeabi_memcpy4               
00000bdd  __aeabi_memcpy8               
00000c79  __aeabi_uldivmod              
ffffffff  __binit__                     
ffffffff  __c_args__                    
UNDEFED   __mpu_init                    
2003fe00  __stack                       
20000000  __start___llvm_prf_cnts       
20000000  __stop___llvm_prf_cnts        
00000dbd  _c_int00_noargs               
UNDEFED   _system_post_cinit            
00000e41  _system_pre_init              
00000e45  abort                         
20000018  accel_x                       
2000001a  accel_y                       
2000001c  accel_z                       
00000261  ascii_conv                    
ffffffff  binit                         
00000a1d  clearDisplay                  
00000983  commandInstruction            
00000a49  configHFXT                    
00000899  configLCD                     
00000995  dataInstruction               
00000b45  delayMicroSec                 
00000bb5  delayMilliSec                 
00000ae9  error                         
20000014  i                             
00000b31  initDelayTimer                
000009a7  initLCD                       
000008fd  instructionDelay              
00000000  interruptVectors              
0000026b  main                          
00000bdd  memcpy                        
2000000f  mode_gyro                     
2000000e  mode_spec                     
00000a0d  printChar                     
00000229  printMessage                  
00000e48  prompt                        
20000000  sysClkFreq                    
000001a9  terminal_init                 
0000092b  writeInstruction              


GLOBAL SYMBOLS: SORTED BY Symbol Address 

address   name                          
-------   ----                          
00000000  __TI_static_base__            
00000000  interruptVectors              
000000e9  GY_521_init                   
000001a9  terminal_init                 
00000200  __STACK_SIZE                  
00000229  printMessage                  
00000261  ascii_conv                    
0000026b  main                          
0000036f  EUSCIB0_IRQHandler            
0000036f  EUSCIB0_IRQHandler            
00000455  EUSCIA2_IRQHandler            
00000455  EUSCIA2_IRQHandler            
00000549  SystemCoreClockUpdate         
000007c1  SystemInit                    
00000899  configLCD                     
000008fd  instructionDelay              
0000092b  writeInstruction              
00000983  commandInstruction            
00000995  dataInstruction               
000009a7  initLCD                       
00000a0d  printChar                     
00000a1d  clearDisplay                  
00000a49  configHFXT                    
00000ae9  error                         
00000b31  initDelayTimer                
00000b45  delayMicroSec                 
00000bb5  delayMilliSec                 
00000bdd  __aeabi_memcpy                
00000bdd  __aeabi_memcpy4               
00000bdd  __aeabi_memcpy8               
00000bdd  memcpy                        
00000c79  __aeabi_uldivmod              
00000d0f  __TI_decompress_lzss          
00000d77  __aeabi_idiv0                 
00000d77  __aeabi_ldiv0                 
00000d79  __TI_auto_init_nobinit_nopinit
00000dbd  _c_int00_noargs               
00000df1  __TI_zero_init_nomemset       
00000e0d  __aeabi_lmul                  
00000e25  __TI_decompress_none          
00000e33  Reset_Handler                 
00000e3f  ADC14_IRQHandler              
00000e3f  AES256_IRQHandler             
00000e3f  BusFault_Handler              
00000e3f  COMP_E0_IRQHandler            
00000e3f  COMP_E1_IRQHandler            
00000e3f  CS_IRQHandler                 
00000e3f  DMA_ERR_IRQHandler            
00000e3f  DMA_INT0_IRQHandler           
00000e3f  DMA_INT1_IRQHandler           
00000e3f  DMA_INT2_IRQHandler           
00000e3f  DMA_INT3_IRQHandler           
00000e3f  DebugMon_Handler              
00000e3f  Default_Handler               
00000e3f  EUSCIA0_IRQHandler            
00000e3f  EUSCIA1_IRQHandler            
00000e3f  EUSCIA3_IRQHandler            
00000e3f  EUSCIB1_IRQHandler            
00000e3f  EUSCIB2_IRQHandler            
00000e3f  EUSCIB3_IRQHandler            
00000e3f  FLCTL_A_IRQHandler            
00000e3f  FPU_IRQHandler                
00000e3f  HardFault_Handler             
00000e3f  LCD_F_IRQHandler              
00000e3f  MemManage_Handler             
00000e3f  NMI_Handler                   
00000e3f  PCM_IRQHandler                
00000e3f  PORT1_IRQHandler              
00000e3f  PORT2_IRQHandler              
00000e3f  PORT3_IRQHandler              
00000e3f  PORT4_IRQHandler              
00000e3f  PORT5_IRQHandler              
00000e3f  PORT6_IRQHandler              
00000e3f  PSS_IRQHandler                
00000e3f  PendSV_Handler                
00000e3f  RTC_C_IRQHandler              
00000e3f  SVC_Handler                   
00000e3f  SysTick_Handler               
00000e3f  T32_INT1_IRQHandler           
00000e3f  T32_INT2_IRQHandler           
00000e3f  T32_INTC_IRQHandler           
00000e3f  TA0_0_IRQHandler              
00000e3f  TA0_N_IRQHandler              
00000e3f  TA1_0_IRQHandler              
00000e3f  TA1_N_IRQHandler              
00000e3f  TA2_0_IRQHandler              
00000e3f  TA2_N_IRQHandler              
00000e3f  TA3_0_IRQHandler              
00000e3f  TA3_N_IRQHandler              
00000e3f  UsageFault_Handler            
00000e3f  WDT_A_IRQHandler              
00000e41  _system_pre_init              
00000e45  C$$EXIT                       
00000e45  abort                         
00000e48  prompt                        
00000e9e  AccelX                        
00000ea9  AccelY                        
00000eb2  AccelZ                        
00000ed0  __TI_Handler_Table_Base       
00000edc  __TI_Handler_Table_Limit      
00000ee8  __TI_CINIT_Base               
00000ef8  __TI_CINIT_Limit              
20000000  __start___llvm_prf_cnts       
20000000  __stop___llvm_prf_cnts        
20000000  sysClkFreq                    
20000008  RXData                        
2000000e  mode_spec                     
2000000f  mode_gyro                     
20000010  SystemCoreClock               
20000014  i                             
20000018  accel_x                       
2000001a  accel_y                       
2000001c  accel_z                       
2000001e  RXDataPointer                 
2000001f  TXDataPointer                 
2003fe00  __stack                       
20040000  __STACK_END                   
4000480c  WDTCTL_SYM                    
ffffffff  __TI_pprof_out_hndl           
ffffffff  __TI_prof_data_size           
ffffffff  __TI_prof_data_start          
ffffffff  __binit__                     
ffffffff  __c_args__                    
ffffffff  binit                         
UNDEFED   __mpu_init                    
UNDEFED   _system_post_cinit            

[126 symbols]
