******************************************************************************
                  TI ARM Linker PC v20.2.7                     
******************************************************************************
>> Linked Mon Jan 30 12:22:21 2023

OUTPUT FILE NAME:   <ece230project05RobertsJ_0.out>
ENTRY POINT SYMBOL: "_c_int00_noargs"  address: 000010f5


MEMORY CONFIGURATION

         name            origin    length      used     unused   attr    fill
----------------------  --------  ---------  --------  --------  ----  --------
  MAIN                  00000000   00200000  000012b9  001fed47  R  X
  INFO                  00200000   00008000  00000000  00008000  R  X
  SRAM_CODE             01000000   00040000  00000220  0003fde0  RW X
  SRAM_DATA             20000000   00040000  00000220  0003fde0  RW  


SEGMENT ALLOCATION MAP

run origin  load origin   length   init length attrs members
----------  ----------- ---------- ----------- ----- -------
00000000    00000000    000012c0   000012c0    r-x
  00000000    00000000    000000e8   000000e8    r-- .intvecs
  000000e8    000000e8    00001098   00001098    r-x .text
  00001180    00001180    00000101   00000101    r-- .const
  00001288    00001288    00000038   00000038    r-- .cinit
20000000    20000000    00000020   00000000    rw-
  20000000    20000000    00000018   00000000    rw- .data
  20000018    20000018    00000008   00000000    rw- .bss
2003fe00    2003fe00    00000200   00000000    rw-
  2003fe00    2003fe00    00000200   00000000    rw- .stack


SECTION ALLOCATION MAP

 output                                  attributes/
section   page    origin      length       input sections
--------  ----  ----------  ----------   ----------------
.intvecs   0    00000000    000000e8     
                  00000000    000000e8     startup_msp432p4111_ccs.obj (.intvecs:retain)

.text      0    000000e8    00001098     
                  000000e8    000007f8     main.obj (.text)
                  000008e0    00000350     system_msp432p4111.obj (.text)
                  00000c30    000001b8     lcd.obj (.text)
                  00000de8    000000ac     sysTickDelays.obj (.text)
                  00000e94    0000009c     rtsv7M4_T_le_v4SPD16_eabi.lib : memcpy_t2.asm.obj (.text)
                  00000f30    00000096                                   : ull_div_t2.asm.obj (.text)
                  00000fc6    00000002                                   : div0.asm.obj (.text)
                  00000fc8    00000080     csLFXT.obj (.text)
                  00001048    00000068     rtsv7M4_T_le_v4SPD16_eabi.lib : copy_decompress_lzss.c.obj (.text:decompress:lzss:__TI_decompress_lzss)
                  000010b0    00000044                                   : autoinit.c.obj (.text:__TI_auto_init_nobinit_nopinit:__TI_auto_init_nobinit_nopinit)
                  000010f4    00000034                                   : boot_cortex_m.c.obj (.text:_c_int00_noargs:_c_int00_noargs)
                  00001128    0000001c                                   : copy_zero_init.c.obj (.text:decompress:ZI:__TI_zero_init_nomemset:__TI_zero_init_nomemset)
                  00001144    00000018                                   : ll_mul_t2.asm.obj (.text)
                  0000115c    0000000e                                   : copy_decompress_none.c.obj (.text:decompress:none:__TI_decompress_none)
                  0000116a    0000000e     startup_msp432p4111_ccs.obj (.text)
                  00001178    00000004     rtsv7M4_T_le_v4SPD16_eabi.lib : pre_init.c.obj (.text:_system_pre_init)
                  0000117c    00000004                                   : exit.c.obj (.text:abort:abort)

.const     0    00001180    00000101     
                  00001180    000000b3     main.obj (.const:.string:prompt)
                  00001233    0000000d     main.obj (.const:.string:AccelY)
                  00001240    0000000d     main.obj (.const:.string:AccelZ)
                  0000124d    0000000d     main.obj (.const:.string:accel)
                  0000125a    0000000b     main.obj (.const:.string:AccelX)
                  00001265    00000006     main.obj (.const:.string:$P$T0$1)
                  0000126b    00000004     main.obj (.const:.string:mode16)
                  0000126f    00000004     main.obj (.const:.string:mode2)
                  00001273    00000004     main.obj (.const:.string:mode4)
                  00001277    00000004     main.obj (.const:.string:mode8)
                  0000127b    00000002     main.obj (.const:.string:modeX)
                  0000127d    00000002     main.obj (.const:.string:modeY)
                  0000127f    00000002     main.obj (.const:.string:modeZ)

.cinit     0    00001288    00000038     
                  00001288    00000010     (.cinit..data.load) [load image, compression = lzss]
                  00001298    0000000c     (__TI_handler_table)
                  000012a4    00000004     --HOLE-- [fill = 0]
                  000012a8    00000008     (.cinit..bss.load) [load image, compression = zero_init]
                  000012b0    00000010     (__TI_cinit_table)

.init_array 
*          0    00000000    00000000     UNINITIALIZED

.binit     0    00000000    00000000     

.data      0    20000000    00000018     UNINITIALIZED
                  20000000    00000008     sysTickDelays.obj (.data)
                  20000008    00000006     main.obj (.data:RXData)
                  2000000e    00000006     main.obj (.data)
                  20000014    00000004     system_msp432p4111.obj (.data)

.bss       0    20000018    00000008     UNINITIALIZED
                  20000018    00000002     (.common:accel_x)
                  2000001a    00000002     (.common:accel_y)
                  2000001c    00000002     (.common:accel_z)
                  2000001e    00000001     (.common:RXDataPointer)
                  2000001f    00000001     (.common:TXDataPointer)

.stack     0    2003fe00    00000200     UNINITIALIZED
                  2003fe00    00000004     rtsv7M4_T_le_v4SPD16_eabi.lib : boot_cortex_m.c.obj (.stack)
                  2003fe04    000001fc     --HOLE--

__llvm_prf_cnts 
*          0    20000000    00000000     UNINITIALIZED

MODULE SUMMARY

       Module                        code   ro data   rw data
       ------                        ----   -------   -------
    .\
       main.obj                      2040   257       40     
       system_msp432p4111.obj        848    0         8      
       lcd.obj                       440    0         0      
       startup_msp432p4111_ccs.obj   14     232       0      
       sysTickDelays.obj             172    0         16     
       csLFXT.obj                    128    0         0      
    +--+-----------------------------+------+---------+---------+
       Total:                        3642   489       64     
                                                             
    C:\ti\ccs1210\ccs\tools\compiler\ti-cgt-arm_20.2.7.LTS\lib\rtsv7M4_T_le_v4SPD16_eabi.lib
       memcpy_t2.asm.obj             156    0         0      
       ull_div_t2.asm.obj            150    0         0      
       copy_decompress_lzss.c.obj    104    0         0      
       autoinit.c.obj                68     0         0      
       boot_cortex_m.c.obj           52     0         0      
       copy_zero_init.c.obj          28     0         0      
       ll_mul_t2.asm.obj             24     0         0      
       copy_decompress_none.c.obj    14     0         0      
       exit.c.obj                    4      0         0      
       pre_init.c.obj                4      0         0      
       div0.asm.obj                  2      0         0      
    +--+-----------------------------+------+---------+---------+
       Total:                        606    0         0      
                                                             
       Stack:                        0      0         1024   
       Linker Generated:             0      52        0      
    +--+-----------------------------+------+---------+---------+
       Grand Total:                  4248   541       1088   


LINKER GENERATED COPY TABLES

__TI_cinit_table @ 000012b0 records: 2, size/record: 8, table size: 16
	.data: load addr=00001288, load size=00000010 bytes, run addr=20000000, run size=00000018 bytes, compression=lzss
	.bss: load addr=000012a8, load size=00000008 bytes, run addr=20000018, run size=00000008 bytes, compression=zero_init


LINKER GENERATED HANDLER TABLE

__TI_handler_table @ 00001298 records: 3, size/record: 4, table size: 12
	index: 0, handler: __TI_decompress_lzss
	index: 1, handler: __TI_decompress_none
	index: 2, handler: __TI_zero_init


GLOBAL SYMBOLS: SORTED ALPHABETICALLY BY Name 

address   name                          
-------   ----                          
00001177  ADC14_IRQHandler              
00001177  AES256_IRQHandler             
0000125a  AccelX                        
00001233  AccelY                        
00001240  AccelZ                        
00001177  BusFault_Handler              
0000117d  C$$EXIT                       
00001177  COMP_E0_IRQHandler            
00001177  COMP_E1_IRQHandler            
00001177  CS_IRQHandler                 
00001177  DMA_ERR_IRQHandler            
00001177  DMA_INT0_IRQHandler           
00001177  DMA_INT1_IRQHandler           
00001177  DMA_INT2_IRQHandler           
00001177  DMA_INT3_IRQHandler           
00001177  DebugMon_Handler              
00001177  Default_Handler               
00000775  EUSCIA0_IRQHandler            
00000775  EUSCIA0_IRQHandler            
00001177  EUSCIA1_IRQHandler            
00001177  EUSCIA2_IRQHandler            
00001177  EUSCIA3_IRQHandler            
00000699  EUSCIB0_IRQHandler            
00000699  EUSCIB0_IRQHandler            
00001177  EUSCIB1_IRQHandler            
00001177  EUSCIB2_IRQHandler            
00001177  EUSCIB3_IRQHandler            
00001177  FLCTL_A_IRQHandler            
00001177  FPU_IRQHandler                
000000e9  GY_521_init                   
00001177  HardFault_Handler             
00001177  LCD_F_IRQHandler              
00001177  MemManage_Handler             
00001177  NMI_Handler                   
00001177  PCM_IRQHandler                
00001177  PORT1_IRQHandler              
00001177  PORT2_IRQHandler              
00001177  PORT3_IRQHandler              
00001177  PORT4_IRQHandler              
00001177  PORT5_IRQHandler              
00001177  PORT6_IRQHandler              
00001177  PSS_IRQHandler                
00001177  PendSV_Handler                
00001177  RTC_C_IRQHandler              
20000008  RXData                        
2000001e  RXDataPointer                 
0000116b  Reset_Handler                 
00001177  SVC_Handler                   
00001177  SysTick_Handler               
20000014  SystemCoreClock               
000008e1  SystemCoreClockUpdate         
00000b59  SystemInit                    
00001177  T32_INT1_IRQHandler           
00001177  T32_INT2_IRQHandler           
00001177  T32_INTC_IRQHandler           
00001177  TA0_0_IRQHandler              
00000851  TA0_N_IRQHandler              
00000851  TA0_N_IRQHandler              
00001177  TA1_0_IRQHandler              
00001177  TA1_N_IRQHandler              
00001177  TA2_0_IRQHandler              
00001177  TA2_N_IRQHandler              
00001177  TA3_0_IRQHandler              
00001177  TA3_N_IRQHandler              
2000001f  TXDataPointer                 
00001177  UsageFault_Handler            
4000480c  WDTCTL_SYM                    
00001177  WDT_A_IRQHandler              
20040000  __STACK_END                   
00000200  __STACK_SIZE                  
000012b0  __TI_CINIT_Base               
000012c0  __TI_CINIT_Limit              
00001298  __TI_Handler_Table_Base       
000012a4  __TI_Handler_Table_Limit      
000010b1  __TI_auto_init_nobinit_nopinit
00001049  __TI_decompress_lzss          
0000115d  __TI_decompress_none          
ffffffff  __TI_pprof_out_hndl           
ffffffff  __TI_prof_data_size           
ffffffff  __TI_prof_data_start          
00000000  __TI_static_base__            
00001129  __TI_zero_init_nomemset       
00000fc7  __aeabi_idiv0                 
00000fc7  __aeabi_ldiv0                 
00001145  __aeabi_lmul                  
00000e95  __aeabi_memcpy                
00000e95  __aeabi_memcpy4               
00000e95  __aeabi_memcpy8               
00000f31  __aeabi_uldivmod              
ffffffff  __binit__                     
ffffffff  __c_args__                    
UNDEFED   __mpu_init                    
2003fe00  __stack                       
20000000  __start___llvm_prf_cnts       
20000000  __stop___llvm_prf_cnts        
000010f5  _c_int00_noargs               
UNDEFED   _system_post_cinit            
00001179  _system_pre_init              
0000117d  abort                         
0000124d  accel                         
20000018  accel_x                       
2000001a  accel_y                       
2000001c  accel_z                       
ffffffff  binit                         
000001ab  changeAccelMode               
00000db5  clearDisplay                  
00000d1b  commandInstruction            
00000c31  configLCD                     
00000fc9  configLFXT                    
00000d2d  dataInstruction               
00000dfd  delayMicroSec                 
00000e6d  delayMilliSec                 
00000de9  initDelayTimer                
00000d3f  initLCD                       
00000c95  instructionDelay              
00000000  interruptVectors              
00000599  main                          
00000e95  memcpy                        
0000126b  mode16                        
0000126f  mode2                         
00001273  mode4                         
00001277  mode8                         
0000127b  modeX                         
0000127d  modeY                         
0000127f  modeZ                         
2000000f  mode_gyro                     
2000000e  mode_spec                     
20000011  newChoice                     
20000012  newSpec                       
20000010  newValues                     
000002b1  printArrLCD                   
00000da5  printChar                     
00000355  printDigits                   
00000279  printMessage                  
000002fd  printSpec                     
00001180  prompt                        
00000dbf  secondRow                     
20000013  stubborn_timer                
20000000  sysClkFreq                    
0000048d  terminalPrinter               
00000219  terminal_init                 
000002dd  timer_init                    
00000cc3  writeInstruction              


GLOBAL SYMBOLS: SORTED BY Symbol Address 

address   name                          
-------   ----                          
00000000  __TI_static_base__            
00000000  interruptVectors              
000000e9  GY_521_init                   
000001ab  changeAccelMode               
00000200  __STACK_SIZE                  
00000219  terminal_init                 
00000279  printMessage                  
000002b1  printArrLCD                   
000002dd  timer_init                    
000002fd  printSpec                     
00000355  printDigits                   
0000048d  terminalPrinter               
00000599  main                          
00000699  EUSCIB0_IRQHandler            
00000699  EUSCIB0_IRQHandler            
00000775  EUSCIA0_IRQHandler            
00000775  EUSCIA0_IRQHandler            
00000851  TA0_N_IRQHandler              
00000851  TA0_N_IRQHandler              
000008e1  SystemCoreClockUpdate         
00000b59  SystemInit                    
00000c31  configLCD                     
00000c95  instructionDelay              
00000cc3  writeInstruction              
00000d1b  commandInstruction            
00000d2d  dataInstruction               
00000d3f  initLCD                       
00000da5  printChar                     
00000db5  clearDisplay                  
00000dbf  secondRow                     
00000de9  initDelayTimer                
00000dfd  delayMicroSec                 
00000e6d  delayMilliSec                 
00000e95  __aeabi_memcpy                
00000e95  __aeabi_memcpy4               
00000e95  __aeabi_memcpy8               
00000e95  memcpy                        
00000f31  __aeabi_uldivmod              
00000fc7  __aeabi_idiv0                 
00000fc7  __aeabi_ldiv0                 
00000fc9  configLFXT                    
00001049  __TI_decompress_lzss          
000010b1  __TI_auto_init_nobinit_nopinit
000010f5  _c_int00_noargs               
00001129  __TI_zero_init_nomemset       
00001145  __aeabi_lmul                  
0000115d  __TI_decompress_none          
0000116b  Reset_Handler                 
00001177  ADC14_IRQHandler              
00001177  AES256_IRQHandler             
00001177  BusFault_Handler              
00001177  COMP_E0_IRQHandler            
00001177  COMP_E1_IRQHandler            
00001177  CS_IRQHandler                 
00001177  DMA_ERR_IRQHandler            
00001177  DMA_INT0_IRQHandler           
00001177  DMA_INT1_IRQHandler           
00001177  DMA_INT2_IRQHandler           
00001177  DMA_INT3_IRQHandler           
00001177  DebugMon_Handler              
00001177  Default_Handler               
00001177  EUSCIA1_IRQHandler            
00001177  EUSCIA2_IRQHandler            
00001177  EUSCIA3_IRQHandler            
00001177  EUSCIB1_IRQHandler            
00001177  EUSCIB2_IRQHandler            
00001177  EUSCIB3_IRQHandler            
00001177  FLCTL_A_IRQHandler            
00001177  FPU_IRQHandler                
00001177  HardFault_Handler             
00001177  LCD_F_IRQHandler              
00001177  MemManage_Handler             
00001177  NMI_Handler                   
00001177  PCM_IRQHandler                
00001177  PORT1_IRQHandler              
00001177  PORT2_IRQHandler              
00001177  PORT3_IRQHandler              
00001177  PORT4_IRQHandler              
00001177  PORT5_IRQHandler              
00001177  PORT6_IRQHandler              
00001177  PSS_IRQHandler                
00001177  PendSV_Handler                
00001177  RTC_C_IRQHandler              
00001177  SVC_Handler                   
00001177  SysTick_Handler               
00001177  T32_INT1_IRQHandler           
00001177  T32_INT2_IRQHandler           
00001177  T32_INTC_IRQHandler           
00001177  TA0_0_IRQHandler              
00001177  TA1_0_IRQHandler              
00001177  TA1_N_IRQHandler              
00001177  TA2_0_IRQHandler              
00001177  TA2_N_IRQHandler              
00001177  TA3_0_IRQHandler              
00001177  TA3_N_IRQHandler              
00001177  UsageFault_Handler            
00001177  WDT_A_IRQHandler              
00001179  _system_pre_init              
0000117d  C$$EXIT                       
0000117d  abort                         
00001180  prompt                        
00001233  AccelY                        
00001240  AccelZ                        
0000124d  accel                         
0000125a  AccelX                        
0000126b  mode16                        
0000126f  mode2                         
00001273  mode4                         
00001277  mode8                         
0000127b  modeX                         
0000127d  modeY                         
0000127f  modeZ                         
00001298  __TI_Handler_Table_Base       
000012a4  __TI_Handler_Table_Limit      
000012b0  __TI_CINIT_Base               
000012c0  __TI_CINIT_Limit              
20000000  __start___llvm_prf_cnts       
20000000  __stop___llvm_prf_cnts        
20000000  sysClkFreq                    
20000008  RXData                        
2000000e  mode_spec                     
2000000f  mode_gyro                     
20000010  newValues                     
20000011  newChoice                     
20000012  newSpec                       
20000013  stubborn_timer                
20000014  SystemCoreClock               
20000018  accel_x                       
2000001a  accel_y                       
2000001c  accel_z                       
2000001e  RXDataPointer                 
2000001f  TXDataPointer                 
2003fe00  __stack                       
20040000  __STACK_END                   
4000480c  WDTCTL_SYM                    
ffffffff  __TI_pprof_out_hndl           
ffffffff  __TI_prof_data_size           
ffffffff  __TI_prof_data_start          
ffffffff  __binit__                     
ffffffff  __c_args__                    
ffffffff  binit                         
UNDEFED   __mpu_init                    
UNDEFED   _system_post_cinit            

[143 symbols]
